
> admitly@1.0.0 test
> vitest apps/web/src/components/organisms/UserProfileForm/UserProfileForm.test.tsx

node.exe : [33mThe 
CJS build of Vite's 
Node API is 
deprecated. See https:
//vite.dev/guide/troub
leshooting.html#vite-c
js-node-api-deprecated
 for more 
details.[39m
At C:\Program Files\no
dejs\npm.ps1:29 char:3
+   & $NODE_EXE 
$NPM_CLI_JS $args
+   ~~~~~~~~~~~~~~~~~~
~~~~~~~~~~~
    + CategoryInfo    
          : NotSpeci  
  fied: ([33mThe C   
 JS bu...e details    
.[39m:String) []    
, RemoteException
    + FullyQualifiedE 
   rrorId : NativeCo  
  mmandError
 

[7m[1m[34m DEV [39m[22m[27m [34mv1.6.1[39m [90mC:/Users/MY PC/Web Project/scholardata[39m

 [33mΓ¥»[39m apps/web/src/components/organisms/UserProfileForm/UserProfileForm.test.tsx [2m ([22m[2m5 tests[22m [2m|[22m [31m5 failed[39m[2m)[22m[90m 55[2mms[22m[39m
[31m   [33mΓ¥»[31m apps/web/src/components/organisms/UserProfileForm/UserProfileForm.test.tsx[2m > [22mUserProfileForm[2m > [22mrenders with initial data[39m
[31m     ΓåÆ Objects are not valid as a React child (found: object with keys {$$typeof, type, key, props, _owner, _store}). If you meant to render a collection of children, use an array instead.[39m
[31m   [33mΓ¥»[31m apps/web/src/components/organisms/UserProfileForm/UserProfileForm.test.tsx[2m > [22mUserProfileForm[2m > [22mvalidates required fields[39m
[31m     ΓåÆ Objects are not valid as a React child (found: object with keys {$$typeof, type, key, props, _owner, _store}). If you meant to render a collection of children, use an array instead.[39m
[31m   [33mΓ¥»[31m apps/web/src/components/organisms/UserProfileForm/UserProfileForm.test.tsx[2m > [22mUserProfileForm[2m > [22mcalls updateProfile mutation on submission[39m
[31m     ΓåÆ Objects are not valid as a React child (found: object with keys {$$typeof, type, key, props, _owner, _store}). If you meant to render a collection of children, use an array instead.[39m
[31m   [33mΓ¥»[31m apps/web/src/components/organisms/UserProfileForm/UserProfileForm.test.tsx[2m > [22mUserProfileForm[2m > [22mcalls updatePreferences mutation on submission[39m
[31m     ΓåÆ Objects are not valid as a React child (found: object with keys {$$typeof, type, key, props, _owner, _store}). If you meant to render a collection of children, use an array instead.[39m
[31m   [33mΓ¥»[31m apps/web/src/components/organisms/UserProfileForm/UserProfileForm.test.tsx[2m > [22mUserProfileForm[2m > [22mshows loading state[39m
[31m     ΓåÆ Objects are not valid as a React child (found: object with keys {$$typeof, type, key, props, _owner, _store}). If you meant to render a collection of children, use an array instead.[39m

[31mΓÄ»ΓÄ»ΓÄ»ΓÄ»ΓÄ»ΓÄ
»ΓÄ»[1m[7m Failed 
Tests 5 [27m[22mΓÄ»Γ
Ä»ΓÄ»ΓÄ»ΓÄ»ΓÄ»ΓÄ»[39m

[31m[1m[7m FAIL 
[27m[22m[39m apps/w
eb/src/components/orga
nisms/UserProfileForm/
UserProfileForm.test.t
sx[2m > [22mUserProf
ileForm[2m > 
[22mrenders with 
initial data
[31m[1m[7m FAIL 
[27m[22m[39m apps/w
eb/src/components/orga
nisms/UserProfileForm/
UserProfileForm.test.t
sx[2m > [22mUserProf
ileForm[2m > 
[22mvalidates 
required fields
[31m[1m[7m FAIL 
[27m[22m[39m apps/w
eb/src/components/orga
nisms/UserProfileForm/
UserProfileForm.test.t
sx[2m > [22mUserProf
ileForm[2m > 
[22mcalls 
updateProfile 
mutation on submission
[31m[1m[7m FAIL 
[27m[22m[39m apps/w
eb/src/components/orga
nisms/UserProfileForm/
UserProfileForm.test.t
sx[2m > [22mUserProf
ileForm[2m > 
[22mcalls 
updatePreferences 
mutation on submission
[31m[1m[7m FAIL 
[27m[22m[39m apps/w
eb/src/components/orga
nisms/UserProfileForm/
UserProfileForm.test.t
sx[2m > [22mUserProf
ileForm[2m > 
[22mshows loading 
state
[31m[1mError[22m: 
Objects are not valid 
as a React child 
(found: object with 
keys {$$typeof, type, 
key, props, _owner, 
_store}). If you 
meant to render a 
collection of 
children, use an 
array instead.[39m
[90m [2mΓ¥»[22m thr
owOnInvalidObjectType 
node_modules/.pnpm/rea
ct-dom@18.3.1_react@18
.3.1/node_modules/reac
t-dom/cjs/react-dom.de
velopment.js:[2m13123
:9[22m[39m
[90m [2mΓ¥»[22m 
reconcileChildFibers n
ode_modules/.pnpm/reac
t-dom@18.3.1_react@18.
3.1/node_modules/react
-dom/cjs/react-dom.dev
elopment.js:[2m14064:
7[22m[39m
[90m [2mΓ¥»[22m 
reconcileChildren node
_modules/.pnpm/react-d
om@18.3.1_react@18.3.1
/node_modules/react-do
m/cjs/react-dom.develo
pment.js:[2m19193:28
[22m[39m
[90m [2mΓ¥»[22m 
updateHostRoot node_mo
dules/.pnpm/react-dom@
18.3.1_react@18.3.1/no
de_modules/react-dom/c
js/react-dom.developme
nt.js:[2m19912:5[22m
[39m
[90m [2mΓ¥»[22m 
beginWork node_modules
/.pnpm/react-dom@18.3.
1_react@18.3.1/node_mo
dules/react-dom/cjs/re
act-dom.development.js
:[2m21654:14[22m[39
m
[90m [2mΓ¥»[22m HTM
LUnknownElement.callCa
llback node_modules/.p
npm/react-dom@18.3.1_r
eact@18.3.1/node_modul
es/react-dom/cjs/react
-dom.development.js:[
2m4164:14[22m[39m
[90m [2mΓ¥»[22m HTM
LUnknownElement.dispat
chEvent ../../../MY%20
PC/Web%20Project/schol
ardata/node_modules/.p
npm/happy-dom@12.10.3/
node_modules/happy-dom
/lib/event/EventTarget
.js:[2m152:34[22m[3
9m
[90m [2mΓ¥»[22m HTM
LUnknownElement.dispat
chEvent ../../../MY%20
PC/Web%20Project/schol
ardata/node_modules/.p
npm/happy-dom@12.10.3/
node_modules/happy-dom
/lib/nodes/element/Ele
ment.js:[2m807:35[22
m[39m
[90m [2mΓ¥»[22m HTM
LUnknownElement.dispat
chEvent ../../../MY%20
PC/Web%20Project/schol
ardata/node_modules/.p
npm/happy-dom@12.10.3/
node_modules/happy-dom
/lib/event/EventTarget
.js:[2m92:18[22m[39
m
[90m [2mΓ¥»[22m HTM
LUnknownElement.dispat
chEvent ../../../MY%20
PC/Web%20Project/schol
ardata/node_modules/.p
npm/happy-dom@12.10.3/
node_modules/happy-dom
/lib/nodes/element/Ele
ment.js:[2m807:35[22
m[39m

[31m[2mΓÄ»ΓÄ»ΓÄ»ΓÄ»Γ
Ä»ΓÄ»ΓÄ»ΓÄ»ΓÄ»ΓÄ»ΓÄ»ΓÄ
»ΓÄ»ΓÄ»ΓÄ»ΓÄ»ΓÄ»ΓÄ»ΓÄ»
ΓÄ»ΓÄ»ΓÄ»ΓÄ»ΓÄ»[1/5]ΓÄ
»[22m[39m

[2m Test Files [22m [1m[31m1 failed[39m[22m[90m (1)[39m
[2m      Tests [22m [1m[31m5 failed[39m[22m[90m (5)[39m
[2m   Start at [22m 18:39:51
[2m   Duration [22m 7.08s[2m (transform 687ms, setup 1.43s, collect 1.85s, tests 55ms, environment 911ms, prepare 890ms)[22m


[1m[7m[31m FAIL [39m[27m[22m[31m Tests failed. Watching for file changes...[39m
       [2mpress [22m[1mh[22m[2m to show help[22m[2m, [22m[2mpress [22m[1mq[22m[2m to quit[22m
[1m[35m
Restarting due to config changes...[39m[22m
[1m[35m
Restarting due to config changes...[39m[22m

[7m[1m[34m DEV [39m[22m[27m [34mv1.6.1[39m [90mC:/Users/MY PC/Web Project/scholardata[39m

[31mWebSocket server 
error: Port is 
already in use[39m
 [33mΓ¥»[39m apps/web/src/components/organisms/UserProfileForm/UserProfileForm.test.tsx [2m ([22m[2m5 tests[22m [2m|[22m [31m5 failed[39m[2m)[22m[90m 190[2mms[22m[39m
[31m   [33mΓ¥»[31m apps/web/src/components/organisms/UserProfileForm/UserProfileForm.test.tsx[2m > [22mUserProfileForm[2m > [22mrenders with initial data[39m
[31m     ΓåÆ Objects are not valid as a React child (found: object with keys {$$typeof, type, key, props, _owner, _store}). If you meant to render a collection of children, use an array instead.[39m
[31m   [33mΓ¥»[31m apps/web/src/components/organisms/UserProfileForm/UserProfileForm.test.tsx[2m > [22mUserProfileForm[2m > [22mvalidates required fields[39m
[31m     ΓåÆ Objects are not valid as a React child (found: object with keys {$$typeof, type, key, props, _owner, _store}). If you meant to render a collection of children, use an array instead.[39m
[31m   [33mΓ¥»[31m apps/web/src/components/organisms/UserProfileForm/UserProfileForm.test.tsx[2m > [22mUserProfileForm[2m > [22mcalls updateProfile mutation on submission[39m
[31m     ΓåÆ Objects are not valid as a React child (found: object with keys {$$typeof, type, key, props, _owner, _store}). If you meant to render a collection of children, use an array instead.[39m
[31m   [33mΓ¥»[31m apps/web/src/components/organisms/UserProfileForm/UserProfileForm.test.tsx[2m > [22mUserProfileForm[2m > [22mcalls updatePreferences mutation on submission[39m
[31m     ΓåÆ Objects are not valid as a React child (found: object with keys {$$typeof, type, key, props, _owner, _store}). If you meant to render a collection of children, use an array instead.[39m
[31m   [33mΓ¥»[31m apps/web/src/components/organisms/UserProfileForm/UserProfileForm.test.tsx[2m > [22mUserProfileForm[2m > [22mshows loading state[39m
[31m     ΓåÆ Objects are not valid as a React child (found: object with keys {$$typeof, type, key, props, _owner, _store}). If you meant to render a collection of children, use an array instead.[39m

[31mΓÄ»ΓÄ»ΓÄ»ΓÄ»ΓÄ»ΓÄ
»ΓÄ»[1m[7m Failed 
Tests 5 [27m[22mΓÄ»Γ
Ä»ΓÄ»ΓÄ»ΓÄ»ΓÄ»ΓÄ»[39m

[31m[1m[7m FAIL 
[27m[22m[39m apps/w
eb/src/components/orga
nisms/UserProfileForm/
UserProfileForm.test.t
sx[2m > [22mUserProf
ileForm[2m > 
[22mrenders with 
initial data
[31m[1m[7m FAIL 
[27m[22m[39m apps/w
eb/src/components/orga
nisms/UserProfileForm/
UserProfileForm.test.t
sx[2m > [22mUserProf
ileForm[2m > 
[22mvalidates 
required fields
[31m[1m[7m FAIL 
[27m[22m[39m apps/w
eb/src/components/orga
nisms/UserProfileForm/
UserProfileForm.test.t
sx[2m > [22mUserProf
ileForm[2m > 
[22mcalls 
updateProfile 
mutation on submission
[31m[1m[7m FAIL 
[27m[22m[39m apps/w
eb/src/components/orga
nisms/UserProfileForm/
UserProfileForm.test.t
sx[2m > [22mUserProf
ileForm[2m > 
[22mcalls 
updatePreferences 
mutation on submission
[31m[1m[7m FAIL 
[27m[22m[39m apps/w
eb/src/components/orga
nisms/UserProfileForm/
UserProfileForm.test.t
sx[2m > [22mUserProf
ileForm[2m > 
[22mshows loading 
state
[31m[1mError[22m: 
Objects are not valid 
as a React child 
(found: object with 
keys {$$typeof, type, 
key, props, _owner, 
_store}). If you 
meant to render a 
collection of 
children, use an 
array instead.[39m
[2m Test Files [22m [1m[31m1 failed[39m[22m[90m (1)[39m
[90m [2mΓ¥»[22m thr
owOnInvalidObjectType 
node_modules/.pnpm/rea
ct-dom@18.3.1_react@18
.3.1/node_modules/reac
t-dom/cjs/react-dom.de
velopment.js:[2m13123
:9[22m[39m
[90m [2mΓ¥»[22m 
reconcileChildFibers n
ode_modules/.pnpm/reac
t-dom@18.3.1_react@18.
3.1/node_modules/react
-dom/cjs/react-dom.dev
elopment.js:[2m14064:
7[22m[39m
[90m [2mΓ¥»[22m 
reconcileChildren node
_modules/.pnpm/react-d
om@18.3.1_react@18.3.1
/node_modules/react-do
m/cjs/react-dom.develo
pment.js:[2m19193:28
[22m[39m
[90m [2mΓ¥»[22m 
updateHostRoot node_mo
dules/.pnpm/react-dom@
18.3.1_react@18.3.1/no
de_modules/react-dom/c
js/react-dom.developme
nt.js:[2m19912:5[22m
[39m
[90m [2mΓ¥»[22m 
beginWork node_modules
/.pnpm/react-dom@18.3.
1_react@18.3.1/node_mo
dules/react-dom/cjs/re
act-dom.development.js
:[2m21654:14[22m[39
m
[90m [2mΓ¥»[22m HTM
LUnknownElement.callCa
llback node_modules/.p
npm/react-dom@18.3.1_r
eact@18.3.1/node_modul
es/react-dom/cjs/react
-dom.development.js:[
2m4164:14[22m[39m
[90m [2mΓ¥»[22m HTM
LUnknownElement.dispat
chEvent ../../../MY%20
PC/Web%20Project/schol
ardata/node_modules/.p
npm/happy-dom@12.10.3/
node_modules/happy-dom
/lib/event/EventTarget
.js:[2m152:34[22m[3
9m
[90m [2mΓ¥»[22m HTM
LUnknownElement.dispat
chEvent ../../../MY%20
PC/Web%20Project/schol
ardata/node_modules/.p
npm/happy-dom@12.10.3/
node_modules/happy-dom
/lib/nodes/element/Ele
ment.js:[2m807:35[22
m[39m
[90m [2mΓ¥»[22m HTM
LUnknownElement.dispat
chEvent ../../../MY%20
PC/Web%20Project/schol
ardata/node_modules/.p
npm/happy-dom@12.10.3/
node_modules/happy-dom
/lib/event/EventTarget
.js:[2m92:18[22m[39
m
[90m [2mΓ¥»[22m HTM
LUnknownElement.dispat
chEvent ../../../MY%20
PC/Web%20Project/schol
ardata/node_modules/.p
npm/happy-dom@12.10.3/
node_modules/happy-dom
/lib/nodes/element/Ele
ment.js:[2m807:35[22
m[39m

[31m[2mΓÄ»ΓÄ»ΓÄ»ΓÄ»Γ
Ä»ΓÄ»ΓÄ»ΓÄ»ΓÄ»ΓÄ»ΓÄ»ΓÄ
»ΓÄ»ΓÄ»ΓÄ»ΓÄ»ΓÄ»ΓÄ»ΓÄ»
ΓÄ»ΓÄ»ΓÄ»ΓÄ»ΓÄ»[1/5]ΓÄ
»[22m[39m

[2m      Tests [22m [1m[31m5 failed[39m[22m[90m (5)[39m
[2m   Start at [22m 18:43:09
[2m   Duration [22m 39.77s[2m (transform 0ms, setup 7.96s, collect 19.19s, tests 190ms, environment 5.50s, prepare 3.25s)[22m


[1m[7m[31m FAIL [39m[27m[22m[31m Tests failed. Watching for file changes...[39m
       [2mpress [22m[1mh[22m[2m to show help[22m[2m, [22m[2mpress [22m[1mq[22m[2m to quit[22m
[1m[35m
Restarting due to config changes...[39m[22m
X [ERROR] Unexpected 
"}"

    
vitest.config.ts:40:0:
      40 Γöé });
         Γò╡ ^

[31mfailed to load 
config from 
C:\Users\MY PC\Web Pro
ject\scholardata\vites
t.config.ts[39m
[2m18:46:42[22m [31
m[1m[vite][22m[39m 
Build failed with 1 
error:
vitest.config.ts:40:0:
 ERROR: Unexpected "}"
[2m18:46:42[22m [31
m[1m[vite][22m[39m 
server restart failed
[1m[35m
Restarting due to config changes...[39m[22m

[7m[1m[34m DEV [39m[22m[27m [34mv1.6.1[39m [90mC:/Users/MY PC/Web Project/scholardata[39m

[31mWebSocket server 
error: Port is 
already in use[39m
 [33mΓ¥»[39m apps/web/src/components/organisms/UserProfileForm/UserProfileForm.test.tsx [2m ([22m[2m5 tests[22m [2m|[22m [31m5 failed[39m[2m)[22m[90m 134[2mms[22m[39m
[31m   [33mΓ¥»[31m apps/web/src/components/organisms/UserProfileForm/UserProfileForm.test.tsx[2m > [22mUserProfileForm[2m > [22mrenders with initial data[39m
[31m     ΓåÆ Objects are not valid as a React child (found: object with keys {$$typeof, type, key, props, _owner, _store}). If you meant to render a collection of children, use an array instead.[39m
[31m   [33mΓ¥»[31m apps/web/src/components/organisms/UserProfileForm/UserProfileForm.test.tsx[2m > [22mUserProfileForm[2m > [22mvalidates required fields[39m
[31m     ΓåÆ Objects are not valid as a React child (found: object with keys {$$typeof, type, key, props, _owner, _store}). If you meant to render a collection of children, use an array instead.[39m
[31m   [33mΓ¥»[31m apps/web/src/components/organisms/UserProfileForm/UserProfileForm.test.tsx[2m > [22mUserProfileForm[2m > [22mcalls updateProfile mutation on submission[39m
[31m     ΓåÆ Objects are not valid as a React child (found: object with keys {$$typeof, type, key, props, _owner, _store}). If you meant to render a collection of children, use an array instead.[39m
[31m   [33mΓ¥»[31m apps/web/src/components/organisms/UserProfileForm/UserProfileForm.test.tsx[2m > [22mUserProfileForm[2m > [22mcalls updatePreferences mutation on submission[39m
[31m     ΓåÆ Objects are not valid as a React child (found: object with keys {$$typeof, type, key, props, _owner, _store}). If you meant to render a collection of children, use an array instead.[39m
[31m   [33mΓ¥»[31m apps/web/src/components/organisms/UserProfileForm/UserProfileForm.test.tsx[2m > [22mUserProfileForm[2m > [22mshows loading state[39m
[31m     ΓåÆ Objects are not valid as a React child (found: object with keys {$$typeof, type, key, props, _owner, _store}). If you meant to render a collection of children, use an array instead.[39m

[31mΓÄ»ΓÄ»ΓÄ»ΓÄ»ΓÄ»ΓÄ
»ΓÄ»[1m[7m Failed 
Tests 5 [27m[22mΓÄ»Γ
Ä»ΓÄ»ΓÄ»ΓÄ»ΓÄ»ΓÄ»[39m

[31m[1m[7m FAIL 
[27m[22m[39m apps/w
eb/src/components/orga
nisms/UserProfileForm/
UserProfileForm.test.t
sx[2m > [22mUserProf
ileForm[2m > 
[22mrenders with 
initial data
[31m[1m[7m FAIL 
[27m[22m[39m apps/w
eb/src/components/orga
nisms/UserProfileForm/
UserProfileForm.test.t
sx[2m > [22mUserProf
ileForm[2m > 
[22mvalidates 
required fields
[31m[1m[7m FAIL 
[27m[22m[39m apps/w
eb/src/components/orga
nisms/UserProfileForm/
UserProfileForm.test.t
sx[2m > [22mUserProf
ileForm[2m > 
[22mcalls 
updateProfile 
mutation on submission
[31m[1m[7m FAIL 
[27m[22m[39m apps/w
eb/src/components/orga
nisms/UserProfileForm/
UserProfileForm.test.t
sx[2m > [22mUserProf
ileForm[2m > 
[22mcalls 
updatePreferences 
mutation on submission
[31m[1m[7m FAIL 
[27m[22m[39m apps/w
eb/src/components/orga
nisms/UserProfileForm/
UserProfileForm.test.t
sx[2m > [22mUserProf
ileForm[2m > 
[22mshows loading 
state
[31m[1mError[22m: 
Objects are not valid 
as a React child 
(found: object with 
keys {$$typeof, type, 
key, props, _owner, 
_store}). If you 
meant to render a 
collection of 
children, use an 
array instead.[39m
[90m [2mΓ¥»[22m thr
owOnInvalidObjectType 
node_modules/.pnpm/rea
ct-dom@18.3.1_react@18
.3.1/node_modules/reac
t-dom/cjs/react-dom.de
velopment.js:[2m13123
:9[22m[39m
[90m [2mΓ¥»[22m 
reconcileChildFibers n
ode_modules/.pnpm/reac
t-dom@18.3.1_react@18.
3.1/node_modules/react
-dom/cjs/react-dom.dev
elopment.js:[2m14064:
7[22m[39m
[90m [2mΓ¥»[22m 
reconcileChildren node
_modules/.pnpm/react-d
om@18.3.1_react@18.3.1
/node_modules/react-do
m/cjs/react-dom.develo
pment.js:[2m19193:28
[22m[39m
[90m [2mΓ¥»[22m 
updateHostRoot node_mo
dules/.pnpm/react-dom@
18.3.1_react@18.3.1/no
de_modules/react-dom/c
js/react-dom.developme
nt.js:[2m19912:5[22m
[39m
[90m [2mΓ¥»[22m 
beginWork node_modules
/.pnpm/react-dom@18.3.
1_react@18.3.1/node_mo
dules/react-dom/cjs/re
act-dom.development.js
:[2m21654:14[22m[39
m
[90m [2mΓ¥»[22m HTM
LUnknownElement.callCa
llback node_modules/.p
npm/react-dom@18.3.1_r
eact@18.3.1/node_modul
es/react-dom/cjs/react
-dom.development.js:[
2m4164:14[22m[39m
[90m [2mΓ¥»[22m HTM
LUnknownElement.dispat
chEvent ../../../MY%20
PC/Web%20Project/schol
ardata/node_modules/.p
npm/happy-dom@12.10.3/
node_modules/happy-dom
/lib/event/EventTarget
.js:[2m152:34[22m[3
9m
[90m [2mΓ¥»[22m HTM
LUnknownElement.dispat
chEvent ../../../MY%20
PC/Web%20Project/schol
ardata/node_modules/.p
npm/happy-dom@12.10.3/
node_modules/happy-dom
/lib/nodes/element/Ele
ment.js:[2m807:35[22
m[39m
[90m [2mΓ¥»[22m HTM
LUnknownElement.dispat
chEvent ../../../MY%20
PC/Web%20Project/schol
ardata/node_modules/.p
npm/happy-dom@12.10.3/
node_modules/happy-dom
/lib/event/EventTarget
.js:[2m92:18[22m[39
m
[90m [2mΓ¥»[22m HTM
LUnknownElement.dispat
chEvent ../../../MY%20
PC/Web%20Project/schol
ardata/node_modules/.p
npm/happy-dom@12.10.3/
node_modules/happy-dom
/lib/nodes/element/Ele
ment.js:[2m807:35[22
m[39m

[31m[2mΓÄ»ΓÄ»ΓÄ»ΓÄ»Γ
Ä»ΓÄ»ΓÄ»ΓÄ»ΓÄ»ΓÄ»ΓÄ»ΓÄ
»ΓÄ»ΓÄ»ΓÄ»ΓÄ»ΓÄ»ΓÄ»ΓÄ»
ΓÄ»ΓÄ»ΓÄ»ΓÄ»ΓÄ»[1/5]ΓÄ
»[22m[39m

[2m Test Files [22m [1m[31m1 failed[39m[22m[90m (1)[39m
[2m      Tests [22m [1m[31m5 failed[39m[22m[90m (5)[39m
[2m   Start at [22m 18:47:25
[2m   Duration [22m 23.21s[2m (transform 0ms, setup 3.94s, collect 8.22s, tests 134ms, environment 1.92s, prepare 3.25s)[22m


[1m[7m[31m FAIL [39m[27m[22m[31m Tests failed. Watching for file changes...[39m
       [2mpress [22m[1mh[22m[2m to show help[22m[2m, [22m[2mpress [22m[1mq[22m[2m to quit[22m
[3Jc
[7m[1m[34m RERUN [39m[22m[27m[2m apps/web/src/repro.test.tsx[22m [34mx1[39m

 [33mΓ¥»[39m apps/web/src/repro.test.tsx [2m ([22m[2m3 tests[22m [2m|[22m [31m3 failed[39m[2m)[22m[33m 437[2mms[22m[39m
[31m   [33mΓ¥»[31m apps/web/src/repro.test.tsx[2m > [22mRepro[2m > [22mrenders simple div[39m
[31m     ΓåÆ Objects are not valid as a React child (found: object with keys {$$typeof, type, key, props, _owner, _store}). If you meant to render a collection of children, use an array instead.[39m
[31m   [33mΓ¥»[31m apps/web/src/repro.test.tsx[2m > [22mRepro[2m > [22mrenders Loader2[39m
[31m     ΓåÆ Objects are not valid as a React child (found: object with keys {$$typeof, type, key, props, _owner, _store}). If you meant to render a collection of children, use an array instead.[39m
[31m   [33mΓ¥»[31m apps/web/src/repro.test.tsx[2m > [22mRepro[2m > [22mrenders Card[39m
[31m     ΓåÆ Objects are not valid as a React child (found: object with keys {$$typeof, type, key, props, _owner, _store}). If you meant to render a collection of children, use an array instead.[39m

[31mΓÄ»ΓÄ»ΓÄ»ΓÄ»ΓÄ»ΓÄ
»ΓÄ»[1m[7m Failed 
Tests 3 [27m[22mΓÄ»Γ
Ä»ΓÄ»ΓÄ»ΓÄ»ΓÄ»ΓÄ»[39m

[31m[1m[7m FAIL 
[27m[22m[39m apps/w
eb/src/repro.test.tsx
[2m > [22mRepro[2m 
> [22mrenders simple 
div
[31m[1m[7m FAIL 
[27m[22m[39m apps/w
eb/src/repro.test.tsx
[2m > [22mRepro[2m 
> [22mrenders Loader2
[31m[1m[7m FAIL 
[27m[22m[39m apps/w
eb/src/repro.test.tsx
[2m > [22mRepro[2m 
> [22mrenders Card
[31m[1mError[22m: 
Objects are not valid 
as a React child 
(found: object with 
keys {$$typeof, type, 
key, props, _owner, 
_store}). If you 
meant to render a 
collection of 
children, use an 
array instead.[39m
[90m [2mΓ¥»[22m thr
owOnInvalidObjectType 
node_modules/.pnpm/rea
ct-dom@18.3.1_react@18
.3.1/node_modules/reac
t-dom/cjs/react-dom.de
velopment.js:[2m13123
:9[22m[39m
[90m [2mΓ¥»[22m 
reconcileChildFibers n
ode_modules/.pnpm/reac
t-dom@18.3.1_react@18.
3.1/node_modules/react
-dom/cjs/react-dom.dev
elopment.js:[2m14064:
7[22m[39m
[90m [2mΓ¥»[22m 
reconcileChildren node
_modules/.pnpm/react-d
om@18.3.1_react@18.3.1
/node_modules/react-do
m/cjs/react-dom.develo
pment.js:[2m19193:28
[22m[39m
[90m [2mΓ¥»[22m 
updateHostRoot node_mo
dules/.pnpm/react-dom@
18.3.1_react@18.3.1/no
de_modules/react-dom/c
js/react-dom.developme
nt.js:[2m19912:5[22m
[39m
[90m [2mΓ¥»[22m 
beginWork node_modules
/.pnpm/react-dom@18.3.
1_react@18.3.1/node_mo
dules/react-dom/cjs/re
act-dom.development.js
:[2m21654:14[22m[39
m
[90m [2mΓ¥»[22m HTM
LUnknownElement.callCa
llback node_modules/.p
npm/react-dom@18.3.1_r
eact@18.3.1/node_modul
es/react-dom/cjs/react
-dom.development.js:[
2m4164:14[22m[39m
[90m [2mΓ¥»[22m HTM
LUnknownElement.dispat
chEvent ../../../MY%20
PC/Web%20Project/schol
ardata/node_modules/.p
npm/happy-dom@12.10.3/
node_modules/happy-dom
/lib/event/EventTarget
.js:[2m152:34[22m[3
9m
[90m [2mΓ¥»[22m HTM
LUnknownElement.dispat
chEvent ../../../MY%20
PC/Web%20Project/schol
ardata/node_modules/.p
npm/happy-dom@12.10.3/
node_modules/happy-dom
/lib/nodes/element/Ele
ment.js:[2m807:35[22
m[39m
[90m [2mΓ¥»[22m HTM
LUnknownElement.dispat
chEvent ../../../MY%20
PC/Web%20Project/schol
ardata/node_modules/.p
npm/happy-dom@12.10.3/
node_modules/happy-dom
/lib/event/EventTarget
.js:[2m92:18[22m[39
m
[90m [2mΓ¥»[22m HTM
LUnknownElement.dispat
chEvent ../../../MY%20
PC/Web%20Project/schol
ardata/node_modules/.p
npm/happy-dom@12.10.3/
node_modules/happy-dom
/lib/nodes/element/Ele
ment.js:[2m807:35[22
m[39m

[31m[2mΓÄ»ΓÄ»ΓÄ»ΓÄ»Γ
Ä»ΓÄ»ΓÄ»ΓÄ»ΓÄ»ΓÄ»ΓÄ»ΓÄ
»ΓÄ»ΓÄ»ΓÄ»ΓÄ»ΓÄ»ΓÄ»ΓÄ»
ΓÄ»ΓÄ»ΓÄ»ΓÄ»ΓÄ»[1/3]ΓÄ
»[22m[39m

[2m Test Files [22m [1m[31m1 failed[39m[22m[90m (1)[39m
[2m      Tests [22m [1m[31m3 failed[39m[22m[90m (3)[39m
[2m   Start at [22m 18:48:56
[2m   Duration [22m 22.88s


[1m[7m[31m FAIL [39m[27m[22m[31m Tests failed. Watching for file changes...[39m
       [2mpress [22m[1mh[22m[2m to show help[22m[2m, [22m[2mpress [22m[1mq[22m[2m to quit[22m
       [34mrerun x1[39m
[2K[1A[2K[G       [90mrerun x1[39m
[2K[1A[2K[G       [2m[90mrerun x1[39m[22m
[2K[1A[2K[G[1m[35m
Restarting due to config changes...[39m[22m

[7m[1m[34m DEV [39m[22m[27m [34mv1.6.1[39m [90mC:/Users/MY PC/Web Project/scholardata[39m

[31mWebSocket server 
error: Port is 
already in use[39m
[90mstderr[2m | apps
/web/src/components/or
ganisms/UserProfileFor
m/UserProfileForm.test
.tsx[2m > [22m[2mUs
erProfileForm[2m > 
[22m[2mrenders with 
initial data[22m[39m
The above error 
occurred in the 
<Card> component:

    at Card 
(C:\Users\MY PC\Web Pr
oject\scholardata\pack
ages\ui\src\components
\card.tsx:8:6)
    at div
    at 
UserProfileForm 
(C:\Users\MY PC\Web Pr
oject\scholardata\apps
\web\src\components\or
ganisms\UserProfileFor
m\UserProfileForm.tsx:
36:45)

Consider adding an 
error boundary to 
your tree to 
customize error 
handling behavior.
Visit https://reactjs.
org/link/error-boundar
ies to learn more 
about error 
boundaries.
The above error 
occurred in the 
<Card> component:

    at Card 
(C:\Users\MY PC\Web Pr
oject\scholardata\pack
ages\ui\src\components
\card.tsx:8:6)
    at div
    at 
UserProfileForm 
(C:\Users\MY PC\Web Pr
oject\scholardata\apps
\web\src\components\or
ganisms\UserProfileFor
m\UserProfileForm.tsx:
36:45)

Consider adding an 
error boundary to 
your tree to 
customize error 
handling behavior.
Visit https://reactjs.
org/link/error-boundar
ies to learn more 
about error 
boundaries.

[90mstderr[2m | apps
/web/src/components/or
ganisms/UserProfileFor
m/UserProfileForm.test
.tsx[2m > [22m[2mUs
erProfileForm[2m > 
[22m[2mvalidates 
required 
fields[22m[39m
The above error 
occurred in the 
<Card> component:

    at Card 
(C:\Users\MY PC\Web Pr
oject\scholardata\pack
ages\ui\src\components
\card.tsx:8:6)
    at div
    at 
UserProfileForm 
(C:\Users\MY PC\Web Pr
oject\scholardata\apps
\web\src\components\or
ganisms\UserProfileFor
m\UserProfileForm.tsx:
36:45)

Consider adding an 
error boundary to 
your tree to 
customize error 
handling behavior.
Visit https://reactjs.
org/link/error-boundar
ies to learn more 
about error 
boundaries.
The above error 
occurred in the 
<Card> component:

    at Card 
(C:\Users\MY PC\Web Pr
oject\scholardata\pack
ages\ui\src\components
\card.tsx:8:6)
    at div
    at 
UserProfileForm 
(C:\Users\MY PC\Web Pr
oject\scholardata\apps
\web\src\components\or
ganisms\UserProfileFor
m\UserProfileForm.tsx:
36:45)

Consider adding an 
error boundary to 
your tree to 
customize error 
handling behavior.
Visit https://reactjs.
org/link/error-boundar
ies to learn more 
about error 
boundaries.

[90mstderr[2m | apps
/web/src/components/or
ganisms/UserProfileFor
m/UserProfileForm.test
.tsx[2m > [22m[2mUs
erProfileForm[2m > 
[22m[2mcalls 
updateProfile 
mutation on 
submission[22m[39m
The above error 
occurred in the 
<Card> component:

    at Card 
(C:\Users\MY PC\Web Pr
oject\scholardata\pack
ages\ui\src\components
\card.tsx:8:6)
    at div
    at 
UserProfileForm 
(C:\Users\MY PC\Web Pr
oject\scholardata\apps
\web\src\components\or
ganisms\UserProfileFor
m\UserProfileForm.tsx:
36:45)

Consider adding an 
error boundary to 
your tree to 
customize error 
handling behavior.
Visit https://reactjs.
org/link/error-boundar
ies to learn more 
about error 
boundaries.
The above error 
occurred in the 
<Card> component:

    at Card 
(C:\Users\MY PC\Web Pr
oject\scholardata\pack
ages\ui\src\components
\card.tsx:8:6)
    at div
    at 
UserProfileForm 
(C:\Users\MY PC\Web Pr
oject\scholardata\apps
\web\src\components\or
ganisms\UserProfileFor
m\UserProfileForm.tsx:
36:45)

Consider adding an 
error boundary to 
your tree to 
customize error 
handling behavior.
Visit https://reactjs.
org/link/error-boundar
ies to learn more 
about error 
boundaries.

[90mstderr[2m | apps
/web/src/components/or
ganisms/UserProfileFor
m/UserProfileForm.test
.tsx[2m > [22m[2mUs
erProfileForm[2m > 
[22m[2mcalls 
updatePreferences 
mutation on 
submission[22m[39m
The above error 
occurred in the 
<Card> component:

    at Card 
(C:\Users\MY PC\Web Pr
oject\scholardata\pack
ages\ui\src\components
\card.tsx:8:6)
    at div
    at 
UserProfileForm 
(C:\Users\MY PC\Web Pr
oject\scholardata\apps
\web\src\components\or
ganisms\UserProfileFor
m\UserProfileForm.tsx:
36:45)

Consider adding an 
error boundary to 
your tree to 
customize error 
handling behavior.
Visit https://reactjs.
org/link/error-boundar
ies to learn more 
about error 
boundaries.
The above error 
occurred in the 
<Card> component:

    at Card 
(C:\Users\MY PC\Web Pr
oject\scholardata\pack
ages\ui\src\components
\card.tsx:8:6)
    at div
    at 
UserProfileForm 
(C:\Users\MY PC\Web Pr
oject\scholardata\apps
\web\src\components\or
ganisms\UserProfileFor
m\UserProfileForm.tsx:
36:45)

Consider adding an 
error boundary to 
your tree to 
customize error 
handling behavior.
Visit https://reactjs.
org/link/error-boundar
ies to learn more 
about error 
boundaries.

 [33mΓ¥»[39m apps/web/src/components/organisms/UserProfileForm/UserProfileForm.test.tsx [2m ([22m[2m5 tests[22m [2m|[22m [31m4 failed[39m[2m)[22m[33m 562[2mms[22m[39m
[31m   [33mΓ¥»[31m apps/web/src/components/organisms/UserProfileForm/UserProfileForm.test.tsx[2m > [22mUserProfileForm[2m > [22mrenders with initial data[39m
[31m     ΓåÆ Objects are not valid as a React child (found: object with keys {$$typeof, type, key, props, _owner, _store}). If you meant to render a collection of children, use an array instead.[39m
[31m   [33mΓ¥»[31m apps/web/src/components/organisms/UserProfileForm/UserProfileForm.test.tsx[2m > [22mUserProfileForm[2m > [22mvalidates required fields[39m
[31m     ΓåÆ Objects are not valid as a React child (found: object with keys {$$typeof, type, key, props, _owner, _store}). If you meant to render a collection of children, use an array instead.[39m
[31m   [33mΓ¥»[31m apps/web/src/components/organisms/UserProfileForm/UserProfileForm.test.tsx[2m > [22mUserProfileForm[2m > [22mcalls updateProfile mutation on submission[39m
[31m     ΓåÆ Objects are not valid as a React child (found: object with keys {$$typeof, type, key, props, _owner, _store}). If you meant to render a collection of children, use an array instead.[39m
[31m   [33mΓ¥»[31m apps/web/src/components/organisms/UserProfileForm/UserProfileForm.test.tsx[2m > [22mUserProfileForm[2m > [22mcalls updatePreferences mutation on submission[39m
[31m     ΓåÆ Objects are not valid as a React child (found: object with keys {$$typeof, type, key, props, _owner, _store}). If you meant to render a collection of children, use an array instead.[39m

[31mΓÄ»ΓÄ»ΓÄ»ΓÄ»ΓÄ»ΓÄ
»ΓÄ»[1m[7m Failed 
Tests 4 [27m[22mΓÄ»Γ
Ä»ΓÄ»ΓÄ»ΓÄ»ΓÄ»ΓÄ»[39m

[31m[1m[7m FAIL 
[27m[22m[39m apps/w
eb/src/components/orga
nisms/UserProfileForm/
UserProfileForm.test.t
sx[2m > [22mUserProf
ileForm[2m > 
[22mrenders with 
initial data
[31m[1m[7m FAIL 
[27m[22m[39m apps/w
eb/src/components/orga
nisms/UserProfileForm/
UserProfileForm.test.t
sx[2m > [22mUserProf
ileForm[2m > 
[22mvalidates 
required fields
[31m[1m[7m FAIL 
[27m[22m[39m apps/w
eb/src/components/orga
nisms/UserProfileForm/
UserProfileForm.test.t
sx[2m > [22mUserProf
ileForm[2m > 
[22mcalls 
updateProfile 
mutation on submission
[31m[1m[7m FAIL 
[27m[22m[39m apps/w
eb/src/components/orga
nisms/UserProfileForm/
UserProfileForm.test.t
sx[2m > [22mUserProf
ileForm[2m > 
[22mcalls 
updatePreferences 
mutation on submission
[31m[1mError[22m: 
Objects are not valid 
as a React child 
(found: object with 
keys {$$typeof, type, 
key, props, _owner, 
_store}). If you 
meant to render a 
collection of 
children, use an 
array instead.[39m
[90m [2mΓ¥»[22m thr
owOnInvalidObjectType 
node_modules/.pnpm/rea
ct-dom@18.3.1_react@18
.3.1/node_modules/reac
t-dom/cjs/react-dom.de
velopment.js:[2m13123
:9[22m[39m
[90m [2mΓ¥»[22m 
reconcileChildFibers n
ode_modules/.pnpm/reac
t-dom@18.3.1_react@18.
3.1/node_modules/react
-dom/cjs/react-dom.dev
elopment.js:[2m14064:
7[22m[39m
[90m [2mΓ¥»[22m 
reconcileChildren node
_modules/.pnpm/react-d
om@18.3.1_react@18.3.1
/node_modules/react-do
m/cjs/react-dom.develo
pment.js:[2m19186:28
[22m[39m
[90m [2mΓ¥»[22m 
updateForwardRef node_
modules/.pnpm/react-do
m@18.3.1_react@18.3.1/
node_modules/react-dom
/cjs/react-dom.develop
ment.js:[2m19277:3[2
2m[39m
[90m [2mΓ¥»[22m 
beginWork node_modules
/.pnpm/react-dom@18.3.
1_react@18.3.1/node_mo
dules/react-dom/cjs/re
act-dom.development.js
:[2m21675:16[22m[39
m
[90m [2mΓ¥»[22m HTM
LUnknownElement.callCa
llback node_modules/.p
npm/react-dom@18.3.1_r
eact@18.3.1/node_modul
es/react-dom/cjs/react
-dom.development.js:[
2m4164:14[22m[39m
[90m [2mΓ¥»[22m HTM
LUnknownElement.dispat
chEvent ../../../MY%20
PC/Web%20Project/schol
ardata/node_modules/.p
npm/happy-dom@12.10.3/
node_modules/happy-dom
/lib/event/EventTarget
.js:[2m152:34[22m[3
9m
[90m [2mΓ¥»[22m HTM
LUnknownElement.dispat
chEvent ../../../MY%20
PC/Web%20Project/schol
ardata/node_modules/.p
npm/happy-dom@12.10.3/
node_modules/happy-dom
/lib/nodes/element/Ele
ment.js:[2m807:35[22
m[39m
[90m [2mΓ¥»[22m HTM
LUnknownElement.dispat
chEvent ../../../MY%20
PC/Web%20Project/schol
ardata/node_modules/.p
npm/happy-dom@12.10.3/
node_modules/happy-dom
/lib/event/EventTarget
.js:[2m92:18[22m[39
m
[90m [2mΓ¥»[22m HTM
LUnknownElement.dispat
chEvent ../../../MY%20
PC/Web%20Project/schol
ardata/node_modules/.p
npm/happy-dom@12.10.3/
node_modules/happy-dom
/lib/nodes/element/Ele
ment.js:[2m807:35[22
m[39m

[31m[2mΓÄ»ΓÄ»ΓÄ»ΓÄ»Γ
Ä»ΓÄ»ΓÄ»ΓÄ»ΓÄ»ΓÄ»ΓÄ»ΓÄ
»ΓÄ»ΓÄ»ΓÄ»ΓÄ»ΓÄ»ΓÄ»ΓÄ»
ΓÄ»ΓÄ»ΓÄ»ΓÄ»ΓÄ»[1/4]ΓÄ
»[22m[39m

[2m Test Files [22m [1m[31m1 failed[39m[22m[90m (1)[39m
[2m      Tests [22m [1m[31m4 failed[39m[22m[2m | [22m[1m[32m1 passed[39m[22m[90m (5)[39m
[2m   Start at [22m 18:51:43
[2m   Duration [22m 33.66s[2m (transform 0ms, setup 5.67s, collect 7.72s, tests 562ms, environment 4.77s, prepare 2.89s)[22m


[1m[7m[31m FAIL [39m[27m[22m[31m Tests failed. Watching for file changes...[39m
       [2mpress [22m[1mh[22m[2m to show help[22m[2m, [22m[2mpress [22m[1mq[22m[2m to quit[22m
[3Jc
[7m[1m[34m RERUN [39m[22m[27m[2m apps/web/src/pages/SearchPage.test.tsx[22m [34mx1[39m

 [32mΓ£ô[39m apps/web/src/pages/SearchPage.test.tsx [2m ([22m[2m6 tests[22m[2m)[22m[33m 1422[2mms[22m[39m
[90mstderr[2m | apps
/web/src/pages/SearchP
age.test.tsx[2m > [2
2m[2mSearchPage[2m 
> [22m[2mrenders 
loading 
state[22m[39m
ΓÜá∩╕Å React Router 
Future Flag Warning: 
React Router will 
begin wrapping state 
updates in `React.star
tTransition` in v7. 
You can use the 
`v7_startTransition` 
future flag to opt-in 
early. For more 
information, see https
://reactrouter.com/v6/
upgrading/future#v7_st
arttransition.
ΓÜá∩╕Å React Router 
Future Flag Warning: 
Relative route 
resolution within 
Splat routes is 
changing in v7. You 
can use the `v7_relati
veSplatPath` future 
flag to opt-in early. 
For more information, 
see https://reactroute
r.com/v6/upgrading/fut
ure#v7_relativesplatpa
th.


[2m Test Files [22m [1m[32m1 passed[39m[22m[90m (1)[39m
[2m      Tests [22m [1m[32m6 passed[39m[22m[90m (6)[39m
[2m   Start at [22m 19:18:50
[2m   Duration [22m 30.19s


[1m[7m[32m PASS [39m[27m[22m[32m Waiting for file changes...[39m
       [2mpress [22m[1mh[22m[2m to show help[22m[2m, [22m[2mpress [22m[1mq[22m[2m to quit[22m
       [34mrerun x1[39m
[2K[1A[2K[G       [90mrerun x1[39m
[2K[1A[2K[G       [2m[90mrerun x1[39m[22m
[2K[1A[2K[G[3Jc
[7m[1m[34m RERUN [39m[22m[27m[2m apps/web/src/pages/SearchPage.tsx[22m [34mx2[39m

[90mstderr[2m | apps
/web/src/pages/SearchP
age.test.tsx[2m > [2
2m[2mSearchPage[2m 
> [22m[2mrenders 
loading 
state[22m[39m
The above error 
occurred in the 
<SearchPage> 
component:

    at SearchPage 
(C:\Users\MY PC\Web Pr
oject\scholardata\apps
\web\src\pages\SearchP
age.tsx:56:65)
    at Router 
(C:\Users\MY PC\Web Pr
oject\scholardata\node
_modules\.pnpm\react-r
outer@6.30.1_react@18.
3.1\node_modules\react
-router\dist\umd\react
-router.development.js
:1207:17)
    at MemoryRouter 
(C:\Users\MY PC\Web Pr
oject\scholardata\node
_modules\.pnpm\react-r
outer@6.30.1_react@18.
3.1\node_modules\react
-router\dist\umd\react
-router.development.js
:1101:7)

Consider adding an 
error boundary to 
your tree to 
customize error 
handling behavior.
Visit https://reactjs.
org/link/error-boundar
ies to learn more 
about error 
boundaries.

[90mstderr[2m | apps
/web/src/pages/SearchP
age.test.tsx[2m > [2
2m[2mSearchPage[2m 
> [22m[2mrenders 
error state[22m[39m
The above error 
occurred in the 
<SearchPage> 
component:

    at SearchPage 
(C:\Users\MY PC\Web Pr
oject\scholardata\apps
\web\src\pages\SearchP
age.tsx:56:65)
    at Router 
(C:\Users\MY PC\Web Pr
oject\scholardata\node
_modules\.pnpm\react-r
outer@6.30.1_react@18.
3.1\node_modules\react
-router\dist\umd\react
-router.development.js
:1207:17)
    at MemoryRouter 
(C:\Users\MY PC\Web Pr
oject\scholardata\node
_modules\.pnpm\react-r
outer@6.30.1_react@18.
3.1\node_modules\react
-router\dist\umd\react
-router.development.js
:1101:7)

Consider adding an 
error boundary to 
your tree to 
customize error 
handling behavior.
Visit https://reactjs.
org/link/error-boundar
ies to learn more 
about error 
boundaries.

[90mstderr[2m | apps
/web/src/pages/SearchP
age.test.tsx[2m > [2
2m[2mSearchPage[2m 
> [22m[2mrenders 
empty state[22m[39m
The above error 
occurred in the 
<SearchPage> 
component:

    at SearchPage 
(C:\Users\MY PC\Web Pr
oject\scholardata\apps
\web\src\pages\SearchP
age.tsx:56:65)
    at Router 
(C:\Users\MY PC\Web Pr
oject\scholardata\node
_modules\.pnpm\react-r
outer@6.30.1_react@18.
3.1\node_modules\react
-router\dist\umd\react
-router.development.js
:1207:17)
    at MemoryRouter 
(C:\Users\MY PC\Web Pr
oject\scholardata\node
_modules\.pnpm\react-r
outer@6.30.1_react@18.
3.1\node_modules\react
-router\dist\umd\react
-router.development.js
:1101:7)

Consider adding an 
error boundary to 
your tree to 
customize error 
handling behavior.
Visit https://reactjs.
org/link/error-boundar
ies to learn more 
about error 
boundaries.

[90mstderr[2m | apps
/web/src/pages/SearchP
age.test.tsx[2m > [2
2m[2mSearchPage[2m 
> [22m[2mrenders 
search 
results[22m[39m
The above error 
occurred in the 
<SearchPage> 
component:

    at SearchPage 
(C:\Users\MY PC\Web Pr
oject\scholardata\apps
\web\src\pages\SearchP
age.tsx:56:65)
    at Router 
(C:\Users\MY PC\Web Pr
oject\scholardata\node
_modules\.pnpm\react-r
outer@6.30.1_react@18.
3.1\node_modules\react
-router\dist\umd\react
-router.development.js
:1207:17)
    at MemoryRouter 
(C:\Users\MY PC\Web Pr
oject\scholardata\node
_modules\.pnpm\react-r
outer@6.30.1_react@18.
3.1\node_modules\react
-router\dist\umd\react
-router.development.js
:1101:7)

Consider adding an 
error boundary to 
your tree to 
customize error 
handling behavior.
Visit https://reactjs.
org/link/error-boundar
ies to learn more 
about error 
boundaries.

[90mstderr[2m | apps
/web/src/pages/SearchP
age.test.tsx[2m > [2
2m[2mSearchPage[2m 
> [22m[2mupdates 
search query on input 
change[22m[39m
The above error 
occurred in the 
<SearchPage> 
component:

    at SearchPage 
(C:\Users\MY PC\Web Pr
oject\scholardata\apps
\web\src\pages\SearchP
age.tsx:56:65)
    at Router 
(C:\Users\MY PC\Web Pr
oject\scholardata\node
_modules\.pnpm\react-r
outer@6.30.1_react@18.
3.1\node_modules\react
-router\dist\umd\react
-router.development.js
:1207:17)
    at MemoryRouter 
(C:\Users\MY PC\Web Pr
oject\scholardata\node
_modules\.pnpm\react-r
outer@6.30.1_react@18.
3.1\node_modules\react
-router\dist\umd\react
-router.development.js
:1101:7)

Consider adding an 
error boundary to 
your tree to 
customize error 
handling behavior.
Visit https://reactjs.
org/link/error-boundar
ies to learn more 
about error 
boundaries.

[90mstderr[2m | apps
/web/src/pages/SearchP
age.test.tsx[2m > [2
2m[2mSearchPage[2m 
> [22m[2mtriggers 
search on form 
submit[22m[39m
The above error 
occurred in the 
<SearchPage> 
component:

    at SearchPage 
(C:\Users\MY PC\Web Pr
oject\scholardata\apps
\web\src\pages\SearchP
age.tsx:56:65)
    at Router 
(C:\Users\MY PC\Web Pr
oject\scholardata\node
_modules\.pnpm\react-r
outer@6.30.1_react@18.
3.1\node_modules\react
-router\dist\umd\react
-router.development.js
:1207:17)
    at MemoryRouter 
(C:\Users\MY PC\Web Pr
oject\scholardata\node
_modules\.pnpm\react-r
outer@6.30.1_react@18.
3.1\node_modules\react
-router\dist\umd\react
-router.development.js
:1101:7)

Consider adding an 
error boundary to 
your tree to 
customize error 
handling behavior.
Visit https://reactjs.
org/link/error-boundar
ies to learn more 
about error 
boundaries.

 [33mΓ¥»[39m apps/web/src/pages/SearchPage.test.tsx [2m ([22m[2m6 tests[22m [2m|[22m [31m6 failed[39m[2m)[22m[33m 1380[2mms[22m[39m
[31m   [33mΓ¥»[31m apps/web/src/pages/SearchPage.test.tsx[2m > [22mSearchPage[2m > [22mrenders loading state[39m
[31m     ΓåÆ [vitest] No "ActiveFilters" export is defined on the "@/components/organisms/SearchFilters" mock. Did you forget to return it from "vi.mock"?
If you need to partially mock a module, you can use "importOriginal" helper inside:
[39m
[31m   [33mΓ¥»[31m apps/web/src/pages/SearchPage.test.tsx[2m > [22mSearchPage[2m > [22mrenders error state[39m
[31m     ΓåÆ [vitest] No "ActiveFilters" export is defined on the "@/components/organisms/SearchFilters" mock. Did you forget to return it from "vi.mock"?
If you need to partially mock a module, you can use "importOriginal" helper inside:
[39m
[31m   [33mΓ¥»[31m apps/web/src/pages/SearchPage.test.tsx[2m > [22mSearchPage[2m > [22mrenders empty state[39m
[31m     ΓåÆ [vitest] No "ActiveFilters" export is defined on the "@/components/organisms/SearchFilters" mock. Did you forget to return it from "vi.mock"?
If you need to partially mock a module, you can use "importOriginal" helper inside:
[39m
[31m   [33mΓ¥»[31m apps/web/src/pages/SearchPage.test.tsx[2m > [22mSearchPage[2m > [22mrenders search results[39m
[31m     ΓåÆ [vitest] No "ActiveFilters" export is defined on the "@/components/organisms/SearchFilters" mock. Did you forget to return it from "vi.mock"?
If you need to partially mock a module, you can use "importOriginal" helper inside:
[39m
[31m   [33mΓ¥»[31m apps/web/src/pages/SearchPage.test.tsx[2m > [22mSearchPage[2m > [22mupdates search query on input change[39m
[31m     ΓåÆ [vitest] No "ActiveFilters" export is defined on the "@/components/organisms/SearchFilters" mock. Did you forget to return it from "vi.mock"?
If you need to partially mock a module, you can use "importOriginal" helper inside:
[39m
[31m   [33mΓ¥»[31m apps/web/src/pages/SearchPage.test.tsx[2m > [22mSearchPage[2m > [22mtriggers search on form submit[39m
[31m     ΓåÆ [vitest] No "ActiveFilters" export is defined on the "@/components/organisms/SearchFilters" mock. Did you forget to return it from "vi.mock"?
If you need to partially mock a module, you can use "importOriginal" helper inside:
[39m

[31mΓÄ»ΓÄ»ΓÄ»ΓÄ»ΓÄ»ΓÄ
»ΓÄ»[1m[7m Failed 
Tests 6 [27m[22mΓÄ»Γ
Ä»ΓÄ»ΓÄ»ΓÄ»ΓÄ»ΓÄ»[39m

[31m[1m[7m FAIL 
[27m[22m[39m apps/w
eb/src/pages/SearchPag
e.test.tsx[2m > 
[22mSearchPage[2m > 
[22mrenders loading 
state
[31m[1m[7m FAIL 
[27m[22m[39m apps/w
eb/src/pages/SearchPag
e.test.tsx[2m > 
[22mSearchPage[2m > 
[22mrenders error 
state
[31m[1m[7m FAIL 
[27m[22m[39m apps/w
eb/src/pages/SearchPag
e.test.tsx[2m > 
[22mSearchPage[2m > 
[22mrenders empty 
state
[31m[1m[7m FAIL 
[27m[22m[39m apps/w
eb/src/pages/SearchPag
e.test.tsx[2m > 
[22mSearchPage[2m > 
[22mrenders search 
results
[31m[1m[7m FAIL 
[27m[22m[39m apps/w
eb/src/pages/SearchPag
e.test.tsx[2m > 
[22mSearchPage[2m > 
[22mupdates search 
query on input change
[31m[1m[7m FAIL 
[27m[22m[39m apps/w
eb/src/pages/SearchPag
e.test.tsx[2m > 
[22mSearchPage[2m > 
[22mtriggers search 
on form submit
[31m[1mError[22m: 
[vitest] No 
"ActiveFilters" 
export is defined on 
the "@/components/orga
nisms/SearchFilters" 
mock. Did you forget 
to return it from 
"vi.mock"?
If you need to 
partially mock a 
module, you can use 
"importOriginal" 
helper inside:
[39m
vi[33m.[39m[34mmock
[39m([32m"@/componen
ts/organisms/SearchFil
ters"[39m[33m,[39m 
[35masync[39m 
(importOriginal) 
[33m=>[39m {
  [35mconst[39m 
actual [33m=[39m 
[35mawait[39m [34mi
mportOriginal[39m()
  [35mreturn[39m {
    [33m...[39mactua
l[33m,[39m
    [90m// your 
mocked methods[39m
  }
})

[36m [2mΓ¥»[22m 
SearchPage apps/web/sr
c/pages/SearchPage.tsx
:[2m223:14[22m[39m
    [90m221| [39m   
       
[33m{[39m[90m/* 
Results 
*/[39m[33m}[39m
    [90m222| [39m   
       [33m<[39m[33
mmain[39m [33mclassN
ame[39m[33m=[39m[3
2m"lg:col-span-3"[39m
[33m>[39m
    [90m223| [39m   
         [33m<[39m[
33mActiveFilters[39m 
[33mclassName[39m[3
3m=[39m[32m"mb-6"[3
9m 
[33m/[39m[33m>[39m
    [90m   | [39m   
          [31m^[39m
    [90m224| [39m   
         [33m{[39m[
33m![39mfilters[33m.
[39msearch 
[33m?[39m (
    [90m225| [39m   
           [33m<[39m
[33mdiv[39m [33mcla
ssName[39m[33m=[39m
[32m"bg-white 
rounded-lg p-12 text-c
enter"[39m[33m>[39m
[90m [2mΓ¥»[22m 
renderWithHooks node_m
odules/.pnpm/react-dom
@18.3.1_react@18.3.1/n
ode_modules/react-dom/
cjs/react-dom.developm
ent.js:[2m15486:18[2
2m[39m
[90m [2mΓ¥»[22m mou
ntIndeterminateCompone
nt node_modules/.pnpm/
react-dom@18.3.1_react
@18.3.1/node_modules/r
eact-dom/cjs/react-dom
.development.js:[2m20
103:13[22m[39m
[90m [2mΓ¥»[22m 
beginWork node_modules
/.pnpm/react-dom@18.3.
1_react@18.3.1/node_mo
dules/react-dom/cjs/re
act-dom.development.js
:[2m21626:16[22m[39
m
[90m [2mΓ¥»[22m HTM
LUnknownElement.callCa
llback node_modules/.p
npm/react-dom@18.3.1_r
eact@18.3.1/node_modul
es/react-dom/cjs/react
-dom.development.js:[
2m4164:14[22m[39m
[90m [2mΓ¥»[22m HTM
LUnknownElement.dispat
chEvent ../../../MY%20
PC/Web%20Project/schol
ardata/node_modules/.p
npm/happy-dom@12.10.3/
node_modules/happy-dom
/lib/event/EventTarget
.js:[2m152:34[22m[3
9m
[90m [2mΓ¥»[22m HTM
LUnknownElement.dispat
chEvent ../../../MY%20
PC/Web%20Project/schol
ardata/node_modules/.p
npm/happy-dom@12.10.3/
node_modules/happy-dom
/lib/nodes/element/Ele
ment.js:[2m807:35[22
m[39m
[90m [2mΓ¥»[22m HTM
LUnknownElement.dispat
chEvent ../../../MY%20
PC/Web%20Project/schol
ardata/node_modules/.p
npm/happy-dom@12.10.3/
node_modules/happy-dom
/lib/event/EventTarget
.js:[2m92:18[22m[39
m

[31m[2mΓÄ»ΓÄ»ΓÄ»ΓÄ»Γ
Ä»ΓÄ»ΓÄ»ΓÄ»ΓÄ»ΓÄ»ΓÄ»ΓÄ
»ΓÄ»ΓÄ»ΓÄ»ΓÄ»ΓÄ»ΓÄ»ΓÄ»
ΓÄ»ΓÄ»ΓÄ»ΓÄ»ΓÄ»[1/6]ΓÄ
»[22m[39m

[2m Test Files [22m [1m[31m1 failed[39m[22m[90m (1)[39m
[2m      Tests [22m [1m[31m6 failed[39m[22m[90m (6)[39m
[2m   Start at [22m 19:23:55
[2m   Duration [22m 15.30s


[1m[7m[31m FAIL [39m[27m[22m[31m Tests failed. Watching for file changes...[39m
       [2mpress [22m[1mh[22m[2m to show help[22m[2m, [22m[2mpress [22m[1mq[22m[2m to quit[22m
       [34mrerun x2[39m
[2K[1A[2K[G[3Jc
[7m[1m[34m RERUN [39m[22m[27m[2m apps/web/src/components/organisms/SearchFilters/ActiveFilters.test.tsx[22m [34mx1[39m

 [33mΓ¥»[39m apps/web/src/components/organisms/SearchFilters/ActiveFilters.test.tsx [2m ([22m[2m5 tests[22m [2m|[22m [31m1 failed[39m[2m)[22m[33m 1066[2mms[22m[39m
[31m   [33mΓ¥»[31m apps/web/src/components/organisms/SearchFilters/ActiveFilters.test.tsx[2m > [22mActiveFilters[2m > [22mcalls clearFilter when chip remove button is clicked[39m
[31m     ΓåÆ Unable to find a label with the text of: Remove filter State: Lagos

Ignored nodes: comments, script, style
[36m<body>[31m
  [36m<div>[31m
    [36m<div[31m
      [33mclass[31m=[32m"flex flex-wrap items-center gap-2 "[31m
    [36m>[31m
      [36m<span[31m
        [33mclass[31m=[32m"text-sm text-muted-foreground mr-2"[31m
      [36m>[31m
        [0mActive Filters:[0m
      [36m</span>[31m
      [36m<div[31m
        [33mclass[31m=[32m"rounded-full border text-xs font-semibold transition-colors focus:outline-none focus:ring-2 focus:ring-ring focus:ring-offset-2 border-transparent bg-secondary text-secondary-foreground hover:bg-secondary/80 flex items-center gap-1 px-2 py-1"[31m
      [36m>[31m
        [0mState: Lagos[0m
        [36m<button[31m
          [33maria-label[31m=[32m"Remove filter Lagos"[31m
          [33mclass[31m=[32m"ml-1 hover:bg-gray-200 rounded-full p-0.5 transition-colors"[31m
        [36m>[31m
          [36m<svg[31m
            [33mclass[31m=[32m"lucide lucide-x h-3 w-3"[31m
            [33mfill[31m=[32m"none"[31m
            [33mheight[31m=[32m"24"[31m
            [33mstroke[31m=[32m"currentColor"[31m
            [33mstroke-linecap[31m=[32m"round"[31m
            [33mstroke-linejoin[31m=[32m"round"[31m
            [33mstroke-width[31m=[32m"2"[31m
            [33mviewBox[31m=[32m"0 0 24 24"[31m
            [33mwidth[31m=[32m"24"[31m
            [33mxmlns[31m=[32m"http://www.w3.org/2000/svg"[31m
          [36m>[31m
            [36m<path[31m
              [33md[31m=[32m"M18 6 6 18"[31m
            [36m/>[31m
            [36m<path[31m
              [33md[31m=[32m"m6 6 12 12"[31m
            [36m/>[31m
          [36m</svg>[31m
        [36m</button>[31m
      [36m</div>[31m
      [36m<button[31m
        [33mclass[31m=[32m"inline-flex items-center justify-center whitespace-nowrap font-medium ring-offset-background transition-colors focus-visible:outline-none focus-visible:ring-2 focus-visible:ring-ring focus-visible:ring-offset-2 disabled:pointer-events-none disabled:opacity-50 hover:bg-accent hover:text-accent-foreground h-9 rounded-md px-3 text-xs ml-auto"[31m
      [36m>[31m
        [0mClear All[0m
      [36m</button>[31m
    [36m</div>[31m
  [36m</div>[31m
[36m</body>[31m[39m

[31mΓÄ»ΓÄ»ΓÄ»ΓÄ»ΓÄ»ΓÄ
»ΓÄ»[1m[7m Failed 
Tests 1 [27m[22mΓÄ»Γ
Ä»ΓÄ»ΓÄ»ΓÄ»ΓÄ»ΓÄ»[39m

[31m[1m[7m FAIL 
[27m[22m[39m apps/w
eb/src/components/orga
nisms/SearchFilters/Ac
tiveFilters.test.tsx[
2m > [22mActiveFilter
s[2m > [22mcalls 
clearFilter when chip 
remove button is 
clicked
[31m[1mTestingLibrar
yElementError[22m: 
Unable to find a 
label with the text 
of: Remove filter 
State: Lagos

Ignored nodes: 
comments, script, 
style
[36m<body>[31m
  [36m<div>[31m
    [36m<div[31m
      [33mclass[31m=
[32m"flex flex-wrap 
items-center gap-2 
"[31m
    [36m>[31m
      [36m<span[31m
        [33mclass[31
m=[32m"text-sm 
text-muted-foreground 
mr-2"[31m
      [36m>[31m
        [0mActive 
Filters:[0m
      
[36m</span>[31m
      [36m<div[31m
        [33mclass[31
m=[32m"rounded-full 
border text-xs 
font-semibold 
transition-colors 
focus:outline-none 
focus:ring-2 
focus:ring-ring 
focus:ring-offset-2 
border-transparent 
bg-secondary text-seco
ndary-foreground 
hover:bg-secondary/80 
flex items-center 
gap-1 px-2 py-1"[31m
      [36m>[31m
        [0mState: 
Lagos[0m
        
[36m<button[31m
          [33maria-la
bel[31m=[32m"Remove 
filter Lagos"[31m
          [33mclass[
31m=[32m"ml-1 
hover:bg-gray-200 
rounded-full p-0.5 tra
nsition-colors"[31m
        [36m>[31m
          
[36m<svg[31m
            [33mclass
[31m=[32m"lucide 
lucide-x h-3 w-3"[31m
            [33mfill
[31m=[32m"none"[31m
            [33mheigh
t[31m=[32m"24"[31m
            [33mstrok
e[31m=[32m"currentCo
lor"[31m
            [33mstrok
e-linecap[31m=[32m"r
ound"[31m
            [33mstrok
e-linejoin[31m=[32m"
round"[31m
            [33mstrok
e-width[31m=[32m"2"
[31m
            [33mviewB
ox[31m=[32m"0 0 24 
24"[31m
            [33mwidth
[31m=[32m"24"[31m
            [33mxmlns
[31m=[32m"http://www
.w3.org/2000/svg"[31m
          [36m>[31m
            
[36m<path[31m
              
[33md[31m=[32m"M18 
6 6 18"[31m
            
[36m/>[31m
            
[36m<path[31m
              
[33md[31m=[32m"m6 
6 12 12"[31m
            
[36m/>[31m
          
[36m</svg>[31m
        
[36m</button>[31m
      [36m</div>[31m
      
[36m<button[31m
        [33mclass[31
m=[32m"inline-flex 
items-center 
justify-center 
whitespace-nowrap 
font-medium ring-offse
t-background 
transition-colors focu
s-visible:outline-none
 focus-visible:ring-2 
focus-visible:ring-rin
g focus-visible:ring-o
ffset-2 disabled:point
er-events-none 
disabled:opacity-50 
hover:bg-accent hover:
text-accent-foreground
 h-9 rounded-md px-3 
text-xs ml-auto"[31m
      [36m>[31m
        [0mClear 
All[0m
      
[36m</button>[31m
    [36m</div>[31m
  [36m</div>[31m
[36m</body>[31m[39m
[90m [2mΓ¥»[22m Obj
ect.getElementError no
de_modules/.pnpm/@test
ing-library+dom@9.3.4/
node_modules/@testing-
library/dom/dist/confi
g.js:[2m37:19[22m[3
9m
[90m [2mΓ¥»[22m 
getAllByLabelText node
_modules/.pnpm/@testin
g-library+dom@9.3.4/no
de_modules/@testing-li
brary/dom/dist/queries
/label-text.js:[2m111
:38[22m[39m
[90m [2mΓ¥»[22m nod
e_modules/.pnpm/@testi
ng-library+dom@9.3.4/n
ode_modules/@testing-l
ibrary/dom/dist/query-
helpers.js:[2m52:17[
22m[39m
[90m [2mΓ¥»[22m nod
e_modules/.pnpm/@testi
ng-library+dom@9.3.4/n
ode_modules/@testing-l
ibrary/dom/dist/query-
helpers.js:[2m95:19[
22m[39m
[36m [2mΓ¥»[22m app
s/web/src/components/o
rganisms/SearchFilters
/ActiveFilters.test.ts
x:[2m71:37[22m[39m
    [90m 69| [39m   
     [34mrender[39m(
[33m<[39m[33mActive
Filters[39m [33m/[3
9m[33m>[39m)[33m;[
39m
    [90m 70| [39m
    [90m 71| [39m   
     [35mconst[39m 
removeButton 
[33m=[39m screen[33
m.[39m[34mgetByLabel
Text[39m([32m'Remove
 filter Stat[39mΓÇª
    [90m   | [39m   
                      
           [31m^[39m
    [90m 72| [39m   
     fireEvent[33m.[
39m[34mclick[39m(rem
oveButton)[33m;[39m
    [90m 73| [39m

[31m[2mΓÄ»ΓÄ»ΓÄ»ΓÄ»Γ
Ä»ΓÄ»ΓÄ»ΓÄ»ΓÄ»ΓÄ»ΓÄ»ΓÄ
»ΓÄ»ΓÄ»ΓÄ»ΓÄ»ΓÄ»ΓÄ»ΓÄ»
ΓÄ»ΓÄ»ΓÄ»ΓÄ»ΓÄ»[1/1]ΓÄ
»[22m[39m

[2m Test Files [22m [1m[31m1 failed[39m[22m[90m (1)[39m
[2m      Tests [22m [1m[31m1 failed[39m[22m[2m | [22m[1m[32m4 passed[39m[22m[90m (5)[39m
[2m   Start at [22m 19:24:23
[2m   Duration [22m 23.10s


[1m[7m[31m FAIL [39m[27m[22m[31m Tests failed. Watching for file changes...[39m
       [2mpress [22m[1mh[22m[2m to show help[22m[2m, [22m[2mpress [22m[1mq[22m[2m to quit[22m
       [34mrerun x1[39m
[2K[1A[2K[G       [90mrerun x1[39m
[2K[1A[2K[G       [2m[90mrerun x1[39m[22m
[2K[1A[2K[G[3Jc
[7m[1m[34m RERUN [39m[22m[27m[2m apps/web/src/components/organisms/SearchFilters/ActiveFilters.tsx[22m [34mx2[39m

 [33mΓ¥»[39m apps/web/src/components/organisms/SearchFilters/ActiveFilters.test.tsx [2m ([22m[2m0 test[22m[2m)[22m

[31mΓÄ»ΓÄ»ΓÄ»ΓÄ»ΓÄ»ΓÄ
»[1m[7m Failed 
Suites 1 [27m[22mΓÄ»
ΓÄ»ΓÄ»ΓÄ»ΓÄ»ΓÄ»ΓÄ»[39
m

[31m[1m[7m FAIL 
[27m[22m[39m apps/w
eb/src/components/orga
nisms/SearchFilters/Ac
tiveFilters.test.tsx 
[2m[ apps/web/src/com
ponents/organisms/Sear
chFilters/ActiveFilter
s.test.tsx ][22m
[31m[1mError[22m: 
Transform failed with 
1 error:
C:/Users/MY PC/Web Pro
ject/scholardata/apps/
web/src/components/org
anisms/SearchFilters/A
ctiveFilters.tsx:67:15
: ERROR: Unterminated 
regular 
expression[39m
[90m [2mΓ¥»[22m 
failureErrorWithLog no
de_modules/.pnpm/esbui
ld@0.27.0/node_modules
/esbuild/lib/main.js:
[2m1467:15[22m[39m
[90m [2mΓ¥»[22m nod
e_modules/.pnpm/esbuil
d@0.27.0/node_modules/
esbuild/lib/main.js:[
2m736:50[22m[39m
[90m [2mΓ¥»[22m res
ponseCallbacks.<comput
ed> node_modules/.pnpm
/esbuild@0.27.0/node_m
odules/esbuild/lib/mai
n.js:[2m603:9[22m[3
9m
[90m [2mΓ¥»[22m 
handleIncomingPacket n
ode_modules/.pnpm/esbu
ild@0.27.0/node_module
s/esbuild/lib/main.js:
[2m658:12[22m[39m
[90m [2mΓ¥»[22m 
Socket.readFromStdout 
node_modules/.pnpm/esb
uild@0.27.0/node_modul
es/esbuild/lib/main.js
:[2m581:7[22m[39m
[90m [2mΓ¥»[22m 
Socket.emit node:event
s:[2m518:28[22m[39m

[31m[2mΓÄ»ΓÄ»ΓÄ»ΓÄ»Γ
Ä»ΓÄ»ΓÄ»ΓÄ»ΓÄ»ΓÄ»ΓÄ»ΓÄ
»ΓÄ»ΓÄ»ΓÄ»ΓÄ»ΓÄ»ΓÄ»ΓÄ»
ΓÄ»ΓÄ»ΓÄ»ΓÄ»ΓÄ»[1/1]ΓÄ
»[22m[39m

[2m Test Files [22m [1m[31m1 failed[39m[22m[90m (1)[39m
[2m      Tests [22m [2mno tests[22m
[2m   Start at [22m 19:27:49
[2m   Duration [22m 7.58s


[1m[7m[31m FAIL [39m[27m[22m[31m Tests failed. Watching for file changes...[39m
       [2mpress [22m[1mh[22m[2m to show help[22m[2m, [22m[2mpress [22m[1mq[22m[2m to quit[22m
       [34mrerun x2[39m
[2K[1A[2K[G       [90mrerun x2[39m
[2K[1A[2K[G       [2m[90mrerun x2[39m[22m
[2K[1A[2K[G[3Jc
[7m[1m[34m RERUN [39m[22m[27m[2m apps/web/src/components/organisms/SearchFilters/ActiveFilters.tsx[22m [34mx3[39m

 [32mΓ£ô[39m apps/web/src/components/organisms/SearchFilters/ActiveFilters.test.tsx [2m ([22m[2m5 tests[22m[2m)[22m[33m 1009[2mms[22m[39m

[2m Test Files [22m [1m[32m1 passed[39m[22m[90m (1)[39m
[2m      Tests [22m [1m[32m5 passed[39m[22m[90m (5)[39m
[2m   Start at [22m 19:29:46
[2m   Duration [22m 44.78s


[1m[7m[32m PASS [39m[27m[22m[32m Waiting for file changes...[39m
       [2mpress [22m[1mh[22m[2m to show help[22m[2m, [22m[2mpress [22m[1mq[22m[2m to quit[22m
       [34mrerun x3[39m
[2K[1A[2K[G       [90mrerun x3[39m
[2K[1A[2K[G       [2m[90mrerun x3[39m[22m
[2K[1A[2K[G[3Jc
[7m[1m[34m RERUN [39m[22m[27m[2m apps/web/src/pages/InstitutionsPage.test.tsx[22m [34mx1[39m

 [33mΓ¥»[39m apps/web/src/pages/InstitutionsPage.test.tsx [2m ([22m[2m6 tests[22m [2m|[22m [31m1 failed[39m[2m)[22m[33m 973[2mms[22m[39m
[31m   [33mΓ¥»[31m apps/web/src/pages/InstitutionsPage.test.tsx[2m > [22mInstitutionsPage[2m > [22mhandles pagination[39m
[31m     ΓåÆ Unable to find an element with the text: Next. This could be because the text is broken up by multiple elements. In this case, you can provide a function for your text matcher to make your matcher more flexible.

Ignored nodes: comments, script, style
[36m<body>[31m
  [36m<div>[31m
    [36m<div[31m
      [33mclass[31m=[32m"min-h-screen py-8"[31m
    [36m>[31m
      [36m<div[31m
        [33mclass[31m=[32m"container mx-auto px-4"[31m
      [36m>[31m
        [36m<div[31m
          [33mclass[31m=[32m"mb-8"[31m
        [36m>[31m
          [36m<h1[31m
            [33mclass[31m=[32m"text-4xl font-bold mb-2"[31m
          [36m>[31m
            [0mInstitutions[0m
          [36m</h1>[31m
          [36m<p[31m
            [33mclass[31m=[32m"text-muted-foreground"[31m
          [36m>[31m
            [0mBrowse and compare [0m
            [0m30[0m
            [0m verified educational institutions across Nigeria[0m
          [36m</p>[31m
        [36m</div>[31m
        [36m<div[31m
          [33mclass[31m=[32m"mb-6"[31m
        [36m>[31m
          [36m<input[31m
            [33mdata-testid[31m=[32m"search-bar"[31m
          [36m/>[31m
        [36m</div>[31m
        [36m<div[31m
          [33mclass[31m=[32m"grid grid-cols-1 lg:grid-cols-4 gap-6"[31m
        [36m>[31m
          [36m<aside[31m
            [33mclass[31m=[32m"hidden lg:block lg:col-span-1"[31m
          [36m>[31m
            [36m<div[31m
              [33mclass[31m=[32m"sticky top-4"[31m
            [36m>[31m
              [36m<div[31m
                [33mdata-testid[31m=[32m"search-filters"[31m
              [36m>[31m
                [0mFilters[0m
              [36m</div>[31m
            [36m</div>[31m
          [36m</aside>[31m
          [36m<div[31m
            [33mclass[31m=[32m"lg:hidden col-span-1"[31m
          [36m>[31m
            [36m<div[31m
              [33mdata-testid[31m=[32m"search-filters"[31m
            [36m>[31m
              [0mFilters[0m
            [36m</div>[31m
          [36m</div>[31m
          [36m<main[31m
            [33mclass[31m=[32m"lg:col-span-3"[31m
          [36m>[31m
            [36m<div[31m
              [33mdata-testid[31m=[32m"active-filters"[31m
            [36m>[31m
              [0mActive Filters[0m
            [36m</div>[31m
            [36m<div[31m
              [33mclass[31m=[32m"mb-6"[31m
            [36m>[31m
              [36m<p[31m
                [33mclass[31m=[32m"text-sm text-muted-foreground"[31m
              [36m>[31m
                [0mShowing [0m
                [0m0[0m
                [0m [0m
                [0mof 30[0m
                [0m institutions[0m
                [0m (Page 1 of 2)[0m
              [36m</p>[31m
            [36m</div>[31m
            [36m<div[31m
              [33mclass[31m=[32m"text-center py-12"[31m
            [36m>[31m
              [36m<p[31m
                [33mclass[31m=[32m"text-lg text-muted-foreground mb-4"[31m
              [36m>[31m
                [0mNo institutions found[0m
              [36m</p>[31m
              [36m<p[31m
                [33mclass[31m=[32m"text-sm text-muted-foreground mb-6"[31m
              [36m>[31m
                [0mTry adjusting your filters or search query[0m
              [36m</p>[31m
            [36m</div>[31m
          [36m</main>[31m
        [36m</div>[31m
      [36m</div>[31m
    [36m</div>[31m
  [36m</div>[31m
[36m</body>[31m[39m
[90mstderr[2m | apps
/web/src/pages/Institu
tionsPage.test.tsx[2m
 > [22m[2mInstitutio
nsPage[2m > 
[22m[2mrenders 
loading 
state[22m[39m
ΓÜá∩╕Å React Router 
Future Flag Warning: 
React Router will 
begin wrapping state 
updates in `React.star
tTransition` in v7. 
You can use the 
`v7_startTransition` 
future flag to opt-in 
early. For more 
information, see https
://reactrouter.com/v6/
upgrading/future#v7_st
arttransition.
ΓÜá∩╕Å React Router 
Future Flag Warning: 
Relative route 
resolution within 
Splat routes is 
changing in v7. You 
can use the `v7_relati
veSplatPath` future 
flag to opt-in early. 
For more information, 
see https://reactroute
r.com/v6/upgrading/fut
ure#v7_relativesplatpa
th.


[31mΓÄ»ΓÄ»ΓÄ»ΓÄ»ΓÄ»ΓÄ
»ΓÄ»[1m[7m Failed 
Tests 1 [27m[22mΓÄ»Γ
Ä»ΓÄ»ΓÄ»ΓÄ»ΓÄ»ΓÄ»[39m

[31m[1m[7m FAIL 
[27m[22m[39m apps/w
eb/src/pages/Instituti
onsPage.test.tsx[2m 
> [22mInstitutionsPag
e[2m > [22mhandles 
pagination
[31m[1mTestingLibrar
yElementError[22m: 
Unable to find an 
element with the 
text: Next. This 
could be because the 
text is broken up by 
multiple elements. In 
this case, you can 
provide a function 
for your text matcher 
to make your matcher 
more flexible.

Ignored nodes: 
comments, script, 
style
[36m<body>[31m
  [36m<div>[31m
    [36m<div[31m
      [33mclass[31m=
[32m"min-h-screen 
py-8"[31m
    [36m>[31m
      [36m<div[31m
        [33mclass[31
m=[32m"container 
mx-auto px-4"[31m
      [36m>[31m
        [36m<div[31m
          [33mclass[
31m=[32m"mb-8"[31m
        [36m>[31m
          
[36m<h1[31m
            [33mclass
[31m=[32m"text-4xl 
font-bold mb-2"[31m
          [36m>[31m
            
[0mInstitutions[0m
          
[36m</h1>[31m
          [36m<p[31m
            [33mclass
[31m=[32m"text-muted
-foreground"[31m
          [36m>[31m
            
[0mBrowse and 
compare [0m
            [0m30[0m
            [0m 
verified educational 
institutions across 
Nigeria[0m
          
[36m</p>[31m
        
[36m</div>[31m
        [36m<div[31m
          [33mclass[
31m=[32m"mb-6"[31m
        [36m>[31m
          
[36m<input[31m
            [33mdata-
testid[31m=[32m"sear
ch-bar"[31m
          [36m/>[31m
        
[36m</div>[31m
        [36m<div[31m
          [33mclass[
31m=[32m"grid 
grid-cols-1 
lg:grid-cols-4 
gap-6"[31m
        [36m>[31m
          
[36m<aside[31m
            [33mclass
[31m=[32m"hidden 
lg:block 
lg:col-span-1"[31m
          [36m>[31m
            
[36m<div[31m
              [33mcla
ss[31m=[32m"sticky 
top-4"[31m
            
[36m>[31m
              
[36m<div[31m
                [33md
ata-testid[31m=[32m"
search-filters"[31m
              
[36m>[31m
                
[0mFilters[0m
              
[36m</div>[31m
            
[36m</div>[31m
          
[36m</aside>[31m
          
[36m<div[31m
            [33mclass
[31m=[32m"lg:hidden 
col-span-1"[31m
          [36m>[31m
            
[36m<div[31m
              [33mdat
a-testid[31m=[32m"se
arch-filters"[31m
            
[36m>[31m
              
[0mFilters[0m
            
[36m</div>[31m
          
[36m</div>[31m
          
[36m<main[31m
            [33mclass
[31m=[32m"lg:col-spa
n-3"[31m
          [36m>[31m
            
[36m<div[31m
              [33mdat
a-testid[31m=[32m"ac
tive-filters"[31m
            
[36m>[31m
              
[0mActive Filters[0m
            
[36m</div>[31m
            
[36m<div[31m
              [33mcla
ss[31m=[32m"mb-6"[3
1m
            
[36m>[31m
              
[36m<p[31m
                [33mc
lass[31m=[32m"text-s
m text-muted-foregroun
d"[31m
              
[36m>[31m
                
[0mShowing [0m
                
[0m0[0m
                [0m 
[0m
                
[0mof 30[0m
                [0m 
institutions[0m
                [0m 
(Page 1 of 2)[0m
              
[36m</p>[31m
            
[36m</div>[31m
            
[36m<div[31m
              [33mcla
ss[31m=[32m"text-cen
ter py-12"[31m
            
[36m>[31m
              
[36m<p[31m
                [33mc
lass[31m=[32m"text-l
g 
text-muted-foreground 
mb-4"[31m
              
[36m>[31m
                
[0mNo institutions 
found[0m
              
[36m</p>[31m
              
[36m<p[31m
                [33mc
lass[31m=[32m"text-s
m 
text-muted-foreground 
mb-6"[31m
              
[36m>[31m
                
[0mTry adjusting 
your filters or 
search query[0m
              
[36m</p>[31m
            
[36m</div>[31m
          
[36m</main>[31m
        
[36m</div>[31m
      [36m</div>[31m
    [36m</div>[31m
  [36m</div>[31m
[36m</body>[31m[39m
[90m [2mΓ¥»[22m Obj
ect.getElementError no
de_modules/.pnpm/@test
ing-library+dom@9.3.4/
node_modules/@testing-
library/dom/dist/confi
g.js:[2m37:19[22m[3
9m
[90m [2mΓ¥»[22m nod
e_modules/.pnpm/@testi
ng-library+dom@9.3.4/n
ode_modules/@testing-l
ibrary/dom/dist/query-
helpers.js:[2m76:38[
22m[39m
[90m [2mΓ¥»[22m nod
e_modules/.pnpm/@testi
ng-library+dom@9.3.4/n
ode_modules/@testing-l
ibrary/dom/dist/query-
helpers.js:[2m52:17[
22m[39m
[90m [2mΓ¥»[22m nod
e_modules/.pnpm/@testi
ng-library+dom@9.3.4/n
ode_modules/@testing-l
ibrary/dom/dist/query-
helpers.js:[2m95:19[
22m[39m
[36m [2mΓ¥»[22m app
s/web/src/pages/Instit
utionsPage.test.tsx:[
2m163:35[22m[39m
    [90m161| [39m   
     )[33m;[39m
    [90m162| [39m
    [90m163| [39m   
     [35mconst[39m 
nextButton 
[33m=[39m screen[33
m.[39m[34mgetByText
[39m([32m'Next'[39m)
[33m;[39m
    [90m   | [39m   
                      
         [31m^[39m
    [90m164| [39m   
     fireEvent[33m.[
39m[34mclick[39m(nex
tButton)[33m;[39m
    [90m165| [39m

[31m[2mΓÄ»ΓÄ»ΓÄ»ΓÄ»Γ
Ä»ΓÄ»ΓÄ»ΓÄ»ΓÄ»ΓÄ»ΓÄ»ΓÄ
»ΓÄ»ΓÄ»ΓÄ»ΓÄ»ΓÄ»ΓÄ»ΓÄ»
ΓÄ»ΓÄ»ΓÄ»ΓÄ»ΓÄ»[1/1]ΓÄ
»[22m[39m

[2m Test Files [22m [1m[31m1 failed[39m[22m[90m (1)[39m
[2m      Tests [22m [1m[31m1 failed[39m[22m[2m | [22m[1m[32m5 passed[39m[22m[90m (6)[39m
[2m   Start at [22m 19:38:02
[2m   Duration [22m 18.51s


[1m[7m[31m FAIL [39m[27m[22m[31m Tests failed. Watching for file changes...[39m
       [2mpress [22m[1mh[22m[2m to show help[22m[2m, [22m[2mpress [22m[1mq[22m[2m to quit[22m
       [34mrerun x1[39m
[2K[1A[2K[G       [90mrerun x1[39m
[2K[1A[2K[G       [2m[90mrerun x1[39m[22m
[2K[1A[2K[G[3Jc
[7m[1m[34m RERUN [39m[22m[27m[2m apps/web/src/pages/InstitutionsPage.test.tsx[22m [34mx2[39m

 [33mΓ¥»[39m apps/web/src/pages/InstitutionsPage.test.tsx [2m ([22m[2m0 test[22m[2m)[22m

[31mΓÄ»ΓÄ»ΓÄ»ΓÄ»ΓÄ»ΓÄ
»[1m[7m Failed 
Suites 1 [27m[22mΓÄ»
ΓÄ»ΓÄ»ΓÄ»ΓÄ»ΓÄ»ΓÄ»[39
m

[31m[1m[7m FAIL 
[27m[22m[39m apps/w
eb/src/pages/Instituti
onsPage.test.tsx 
[2m[ apps/web/src/pag
es/InstitutionsPage.te
st.tsx ][22m
[31m[1mError[22m: 
Transform failed with 
1 error:
C:/Users/MY PC/Web Pro
ject/scholardata/apps/
web/src/pages/Institut
ionsPage.test.tsx:163:
13: ERROR: Expected 
")" but found ";"[39m
[90m [2mΓ¥»[22m 
failureErrorWithLog no
de_modules/.pnpm/esbui
ld@0.27.0/node_modules
/esbuild/lib/main.js:
[2m1467:15[22m[39m
[90m [2mΓ¥»[22m nod
e_modules/.pnpm/esbuil
d@0.27.0/node_modules/
esbuild/lib/main.js:[
2m736:50[22m[39m
[90m [2mΓ¥»[22m res
ponseCallbacks.<comput
ed> node_modules/.pnpm
/esbuild@0.27.0/node_m
odules/esbuild/lib/mai
n.js:[2m603:9[22m[3
9m
[90m [2mΓ¥»[22m 
handleIncomingPacket n
ode_modules/.pnpm/esbu
ild@0.27.0/node_module
s/esbuild/lib/main.js:
[2m658:12[22m[39m
[90m [2mΓ¥»[22m 
Socket.readFromStdout 
node_modules/.pnpm/esb
uild@0.27.0/node_modul
es/esbuild/lib/main.js
:[2m581:7[22m[39m
[90m [2mΓ¥»[22m 
Socket.emit node:event
s:[2m518:28[22m[39m

[31m[2mΓÄ»ΓÄ»ΓÄ»ΓÄ»Γ
Ä»ΓÄ»ΓÄ»ΓÄ»ΓÄ»ΓÄ»ΓÄ»ΓÄ
»ΓÄ»ΓÄ»ΓÄ»ΓÄ»ΓÄ»ΓÄ»ΓÄ»
ΓÄ»ΓÄ»ΓÄ»ΓÄ»ΓÄ»[1/1]ΓÄ
»[22m[39m

[2m Test Files [22m [1m[31m1 failed[39m[22m[90m (1)[39m
[2m      Tests [22m [2mno tests[22m
[2m   Start at [22m 19:41:32
[2m   Duration [22m 10.30s


[1m[7m[31m FAIL [39m[27m[22m[31m Tests failed. Watching for file changes...[39m
       [2mpress [22m[1mh[22m[2m to show help[22m[2m, [22m[2mpress [22m[1mq[22m[2m to quit[22m
       [34mrerun x2[39m
[2K[1A[2K[G       [90mrerun x2[39m
[2K[1A[2K[G       [2m[90mrerun x2[39m[22m
[2K[1A[2K[G[3Jc
[7m[1m[34m RERUN [39m[22m[27m[2m apps/web/src/pages/InstitutionsPage.test.tsx[22m [34mx3[39m

 [33mΓ¥»[39m apps/web/src/pages/InstitutionsPage.test.tsx [2m ([22m[2m6 tests[22m [2m|[22m [31m1 failed[39m[2m)[22m[33m 3642[2mms[22m[39m
[31m   [33mΓ¥»[31m apps/web/src/pages/InstitutionsPage.test.tsx[2m > [22mInstitutionsPage[2m > [22mhandles pagination[39m
[31m     ΓåÆ Unable to find an element with the text: Next. This could be because the text is broken up by multiple elements. In this case, you can provide a function for your text matcher to make your matcher more flexible.

Ignored nodes: comments, script, style
[36m<body>[31m
  [36m<div>[31m
    [36m<div[31m
      [33mclass[31m=[32m"min-h-screen py-8"[31m
    [36m>[31m
      [36m<div[31m
        [33mclass[31m=[32m"container mx-auto px-4"[31m
      [36m>[31m
        [36m<div[31m
          [33mclass[31m=[32m"mb-8"[31m
        [36m>[31m
          [36m<h1[31m
            [33mclass[31m=[32m"text-4xl font-bold mb-2"[31m
          [36m>[31m
            [0mInstitutions[0m
          [36m</h1>[31m
          [36m<p[31m
            [33mclass[31m=[32m"text-muted-foreground"[31m
          [36m>[31m
            [0mBrowse and compare [0m
            [0m30[0m
            [0m verified educational institutions across Nigeria[0m
          [36m</p>[31m
        [36m</div>[31m
        [36m<div[31m
          [33mclass[31m=[32m"mb-6"[31m
        [36m>[31m
          [36m<input[31m
            [33mdata-testid[31m=[32m"search-bar"[31m
          [36m/>[31m
        [36m</div>[31m
        [36m<div[31m
          [33mclass[31m=[32m"grid grid-cols-1 lg:grid-cols-4 gap-6"[31m
        [36m>[31m
          [36m<aside[31m
            [33mclass[31m=[32m"hidden lg:block lg:col-span-1"[31m
          [36m>[31m
            [36m<div[31m
              [33mclass[31m=[32m"sticky top-4"[31m
            [36m>[31m
              [36m<div[31m
                [33mdata-testid[31m=[32m"search-filters"[31m
              [36m>[31m
                [0mFilters[0m
              [36m</div>[31m
            [36m</div>[31m
          [36m</aside>[31m
          [36m<div[31m
            [33mclass[31m=[32m"lg:hidden col-span-1"[31m
          [36m>[31m
            [36m<div[31m
              [33mdata-testid[31m=[32m"search-filters"[31m
            [36m>[31m
              [0mFilters[0m
            [36m</div>[31m
          [36m</div>[31m
          [36m<main[31m
            [33mclass[31m=[32m"lg:col-span-3"[31m
          [36m>[31m
            [36m<div[31m
              [33mdata-testid[31m=[32m"active-filters"[31m
            [36m>[31m
              [0mActive Filters[0m
            [36m</div>[31m
            [36m<div[31m
              [33mclass[31m=[32m"mb-6"[31m
            [36m>[31m
              [36m<p[31m
                [33mclass[31m=[32m"text-sm text-muted-foreground"[31m
              [36m>[31m
                [0mShowing [0m
                [0m0[0m
                [0m [0m
                [0mof 30[0m
                [0m institutions[0m
                [0m (Page 1 of 2)[0m
              [36m</p>[31m
            [36m</div>[31m
            [36m<div[31m
              [33mclass[31m=[32m"text-center py-12"[31m
            [36m>[31m
              [36m<p[31m
                [33mclass[31m=[32m"text-lg text-muted-foreground mb-4"[31m
              [36m>[31m
                [0mNo institutions found[0m
              [36m</p>[31m
              [36m<p[31m
                [33mclass[31m=[32m"text-sm text-muted-foreground mb-6"[31m
              [36m>[31m
                [0mTry adjusting your filters or search query[0m
              [36m</p>[31m
            [36m</div>[31m
          [36m</main>[31m
        [36m</div>[31m
      [36m</div>[31m
    [36m</div>[31m
  [36m</div>[31m
[36m</body>[31m[39m
[90mstderr[2m | apps
/web/src/pages/Institu
tionsPage.test.tsx[2m
 > [22m[2mInstitutio
nsPage[2m > 
[22m[2mrenders 
loading 
state[22m[39m
ΓÜá∩╕Å React Router 
Future Flag Warning: 
React Router will 
begin wrapping state 
updates in `React.star
tTransition` in v7. 
You can use the 
`v7_startTransition` 
future flag to opt-in 
early. For more 
information, see https
://reactrouter.com/v6/
upgrading/future#v7_st
arttransition.
ΓÜá∩╕Å React Router 
Future Flag Warning: 
Relative route 
resolution within 
Splat routes is 
changing in v7. You 
can use the `v7_relati
veSplatPath` future 
flag to opt-in early. 
For more information, 
see https://reactroute
r.com/v6/upgrading/fut
ure#v7_relativesplatpa
th.


[31mΓÄ»ΓÄ»ΓÄ»ΓÄ»ΓÄ»ΓÄ
»ΓÄ»[1m[7m Failed 
Tests 1 [27m[22mΓÄ»Γ
Ä»ΓÄ»ΓÄ»ΓÄ»ΓÄ»ΓÄ»[39m

[31m[1m[7m FAIL 
[27m[22m[39m apps/w
eb/src/pages/Instituti
onsPage.test.tsx[2m 
> [22mInstitutionsPag
e[2m > [22mhandles 
pagination
[31m[1mTestingLibrar
yElementError[22m: 
Unable to find an 
element with the 
text: Next. This 
could be because the 
text is broken up by 
multiple elements. In 
this case, you can 
provide a function 
for your text matcher 
to make your matcher 
more flexible.

Ignored nodes: 
comments, script, 
style
[36m<body>[31m
  [36m<div>[31m
    [36m<div[31m
      [33mclass[31m=
[32m"min-h-screen 
py-8"[31m
    [36m>[31m
      [36m<div[31m
        [33mclass[31
m=[32m"container 
mx-auto px-4"[31m
      [36m>[31m
        [36m<div[31m
          [33mclass[
31m=[32m"mb-8"[31m
        [36m>[31m
          
[36m<h1[31m
            [33mclass
[31m=[32m"text-4xl 
font-bold mb-2"[31m
          [36m>[31m
            
[0mInstitutions[0m
          
[36m</h1>[31m
          [36m<p[31m
            [33mclass
[31m=[32m"text-muted
-foreground"[31m
          [36m>[31m
            
[0mBrowse and 
compare [0m
            [0m30[0m
            [0m 
verified educational 
institutions across 
Nigeria[0m
          
[36m</p>[31m
        
[36m</div>[31m
        [36m<div[31m
          [33mclass[
31m=[32m"mb-6"[31m
        [36m>[31m
          
[36m<input[31m
            [33mdata-
testid[31m=[32m"sear
ch-bar"[31m
          [36m/>[31m
        
[36m</div>[31m
        [36m<div[31m
          [33mclass[
31m=[32m"grid 
grid-cols-1 
lg:grid-cols-4 
gap-6"[31m
        [36m>[31m
          
[36m<aside[31m
            [33mclass
[31m=[32m"hidden 
lg:block 
lg:col-span-1"[31m
          [36m>[31m
            
[36m<div[31m
              [33mcla
ss[31m=[32m"sticky 
top-4"[31m
            
[36m>[31m
              
[36m<div[31m
                [33md
ata-testid[31m=[32m"
search-filters"[31m
              
[36m>[31m
                
[0mFilters[0m
              
[36m</div>[31m
            
[36m</div>[31m
          
[36m</aside>[31m
          
[36m<div[31m
            [33mclass
[31m=[32m"lg:hidden 
col-span-1"[31m
          [36m>[31m
            
[36m<div[31m
              [33mdat
a-testid[31m=[32m"se
arch-filters"[31m
            
[36m>[31m
              
[0mFilters[0m
            
[36m</div>[31m
          
[36m</div>[31m
          
[36m<main[31m
            [33mclass
[31m=[32m"lg:col-spa
n-3"[31m
          [36m>[31m
            
[36m<div[31m
              [33mdat
a-testid[31m=[32m"ac
tive-filters"[31m
            
[36m>[31m
              
[0mActive Filters[0m
            
[36m</div>[31m
            
[36m<div[31m
              [33mcla
ss[31m=[32m"mb-6"[3
1m
            
[36m>[31m
              
[36m<p[31m
                [33mc
lass[31m=[32m"text-s
m text-muted-foregroun
d"[31m
              
[36m>[31m
                
[0mShowing [0m
                
[0m0[0m
                [0m 
[0m
                
[0mof 30[0m
                [0m 
institutions[0m
                [0m 
(Page 1 of 2)[0m
              
[36m</p>[31m
            
[36m</div>[31m
            
[36m<div[31m
              [33mcla
ss[31m=[32m"text-cen
ter py-12"[31m
            
[36m>[31m
              
[36m<p[31m
                [33mc
lass[31m=[32m"text-l
g 
text-muted-foreground 
mb-4"[31m
              
[36m>[31m
                
[0mNo institutions 
found[0m
              
[36m</p>[31m
              
[36m<p[31m
                [33mc
lass[31m=[32m"text-s
m 
text-muted-foreground 
mb-6"[31m
              
[36m>[31m
                
[0mTry adjusting 
your filters or 
search query[0m
              
[36m</p>[31m
            
[36m</div>[31m
          
[36m</main>[31m
        
[36m</div>[31m
      [36m</div>[31m
    [36m</div>[31m
  [36m</div>[31m
[36m</body>[31m[39m
[90m [2mΓ¥»[22m Obj
ect.getElementError no
de_modules/.pnpm/@test
ing-library+dom@9.3.4/
node_modules/@testing-
library/dom/dist/confi
g.js:[2m37:19[22m[3
9m
[90m [2mΓ¥»[22m nod
e_modules/.pnpm/@testi
ng-library+dom@9.3.4/n
ode_modules/@testing-l
ibrary/dom/dist/query-
helpers.js:[2m76:38[
22m[39m
[90m [2mΓ¥»[22m nod
e_modules/.pnpm/@testi
ng-library+dom@9.3.4/n
ode_modules/@testing-l
ibrary/dom/dist/query-
helpers.js:[2m52:17[
22m[39m
[90m [2mΓ¥»[22m nod
e_modules/.pnpm/@testi
ng-library+dom@9.3.4/n
ode_modules/@testing-l
ibrary/dom/dist/query-
helpers.js:[2m95:19[
22m[39m
[36m [2mΓ¥»[22m app
s/web/src/pages/Instit
utionsPage.test.tsx:[
2m163:35[22m[39m
    [90m161| [39m   
     )[33m;[39m
    [90m162| [39m
    [90m163| [39m   
     [35mconst[39m 
nextButton 
[33m=[39m screen[33
m.[39m[34mgetByText
[39m([32m'Next'[39m)
[33m;[39m
    [90m   | [39m   
                      
         [31m^[39m
    [90m164| [39m   
     fireEvent[33m.[
39m[34mclick[39m(nex
tButton)[33m;[39m
    [90m165| [39m

[31m[2mΓÄ»ΓÄ»ΓÄ»ΓÄ»Γ
Ä»ΓÄ»ΓÄ»ΓÄ»ΓÄ»ΓÄ»ΓÄ»ΓÄ
»ΓÄ»ΓÄ»ΓÄ»ΓÄ»ΓÄ»ΓÄ»ΓÄ»
ΓÄ»ΓÄ»ΓÄ»ΓÄ»ΓÄ»[1/1]ΓÄ
»[22m[39m

[2m Test Files [22m [1m[31m1 failed[39m[22m[90m (1)[39m
[2m      Tests [22m [1m[31m1 failed[39m[22m[2m | [22m[1m[32m5 passed[39m[22m[90m (6)[39m
[2m   Start at [22m 19:42:01
[2m   Duration [22m 32.61s


[1m[7m[31m FAIL [39m[27m[22m[31m Tests failed. Watching for file changes...[39m
       [2mpress [22m[1mh[22m[2m to show help[22m[2m, [22m[2mpress [22m[1mq[22m[2m to quit[22m
       [34mrerun x3[39m
[2K[1A[2K[G       [90mrerun x3[39m
[2K[1A[2K[G       [2m[90mrerun x3[39m[22m
[2K[1A[2K[G[3Jc
[7m[1m[34m RERUN [39m[22m[27m[2m apps/web/src/components/organisms/SearchFilters/index.ts[22m

 [33mΓ¥»[39m apps/web/src/pages/SearchPage.test.tsx [2m ([22m[2m6 tests[22m [2m|[22m [31m6 failed[39m[2m)[22m[33m 1862[2mms[22m[39m
[31m   [33mΓ¥»[31m apps/web/src/pages/SearchPage.test.tsx[2m > [22mSearchPage[2m > [22mrenders loading state[39m
[31m     ΓåÆ [vitest] No "ActiveFilters" export is defined on the "@/components/organisms/SearchFilters" mock. Did you forget to return it from "vi.mock"?
If you need to partially mock a module, you can use "importOriginal" helper inside:
[39m
[31m   [33mΓ¥»[31m apps/web/src/pages/SearchPage.test.tsx[2m > [22mSearchPage[2m > [22mrenders error state[39m
[31m     ΓåÆ [vitest] No "ActiveFilters" export is defined on the "@/components/organisms/SearchFilters" mock. Did you forget to return it from "vi.mock"?
If you need to partially mock a module, you can use "importOriginal" helper inside:
[39m
[31m   [33mΓ¥»[31m apps/web/src/pages/SearchPage.test.tsx[2m > [22mSearchPage[2m > [22mrenders empty state[39m
[31m     ΓåÆ [vitest] No "ActiveFilters" export is defined on the "@/components/organisms/SearchFilters" mock. Did you forget to return it from "vi.mock"?
If you need to partially mock a module, you can use "importOriginal" helper inside:
[39m
[31m   [33mΓ¥»[31m apps/web/src/pages/SearchPage.test.tsx[2m > [22mSearchPage[2m > [22mrenders search results[39m
[31m     ΓåÆ [vitest] No "ActiveFilters" export is defined on the "@/components/organisms/SearchFilters" mock. Did you forget to return it from "vi.mock"?
If you need to partially mock a module, you can use "importOriginal" helper inside:
[39m
[31m   [33mΓ¥»[31m apps/web/src/pages/SearchPage.test.tsx[2m > [22mSearchPage[2m > [22mupdates search query on input change[39m
[31m     ΓåÆ [vitest] No "ActiveFilters" export is defined on the "@/components/organisms/SearchFilters" mock. Did you forget to return it from "vi.mock"?
If you need to partially mock a module, you can use "importOriginal" helper inside:
[39m
[31m   [33mΓ¥»[31m apps/web/src/pages/SearchPage.test.tsx[2m > [22mSearchPage[2m > [22mtriggers search on form submit[39m
[31m     ΓåÆ [vitest] No "ActiveFilters" export is defined on the "@/components/organisms/SearchFilters" mock. Did you forget to return it from "vi.mock"?
If you need to partially mock a module, you can use "importOriginal" helper inside:
[39m
[90mstderr[2m | apps
/web/src/pages/SearchP
age.test.tsx[2m > [2
2m[2mSearchPage[2m 
> [22m[2mrenders 
loading 
state[22m[39m
The above error 
occurred in the 
<SearchPage> 
component:

    at SearchPage 
(C:\Users\MY PC\Web Pr
oject\scholardata\apps
\web\src\pages\SearchP
age.tsx:56:65)
    at Router 
(C:\Users\MY PC\Web Pr
oject\scholardata\node
_modules\.pnpm\react-r
outer@6.30.1_react@18.
3.1\node_modules\react
-router\dist\umd\react
-router.development.js
:1207:17)
    at MemoryRouter 
(C:\Users\MY PC\Web Pr
oject\scholardata\node
_modules\.pnpm\react-r
outer@6.30.1_react@18.
3.1\node_modules\react
-router\dist\umd\react
-router.development.js
:1101:7)

Consider adding an 
error boundary to 
your tree to 
customize error 
handling behavior.
Visit https://reactjs.
org/link/error-boundar
ies to learn more 
about error 
boundaries.

[90mstderr[2m | apps
/web/src/pages/SearchP
age.test.tsx[2m > [2
2m[2mSearchPage[2m 
> [22m[2mrenders 
error state[22m[39m
The above error 
occurred in the 
<SearchPage> 
component:

    at SearchPage 
(C:\Users\MY PC\Web Pr
oject\scholardata\apps
\web\src\pages\SearchP
age.tsx:56:65)
    at Router 
(C:\Users\MY PC\Web Pr
oject\scholardata\node
_modules\.pnpm\react-r
outer@6.30.1_react@18.
3.1\node_modules\react
-router\dist\umd\react
-router.development.js
:1207:17)
    at MemoryRouter 
(C:\Users\MY PC\Web Pr
oject\scholardata\node
_modules\.pnpm\react-r
outer@6.30.1_react@18.
3.1\node_modules\react
-router\dist\umd\react
-router.development.js
:1101:7)

Consider adding an 
error boundary to 
your tree to 
customize error 
handling behavior.
Visit https://reactjs.
org/link/error-boundar
ies to learn more 
about error 
boundaries.

[90mstderr[2m | apps
/web/src/pages/SearchP
age.test.tsx[2m > [2
2m[2mSearchPage[2m 
> [22m[2mrenders 
empty state[22m[39m
The above error 
occurred in the 
<SearchPage> 
component:

    at SearchPage 
(C:\Users\MY PC\Web Pr
oject\scholardata\apps
\web\src\pages\SearchP
age.tsx:56:65)
    at Router 
(C:\Users\MY PC\Web Pr
oject\scholardata\node
_modules\.pnpm\react-r
outer@6.30.1_react@18.
3.1\node_modules\react
-router\dist\umd\react
-router.development.js
:1207:17)
    at MemoryRouter 
(C:\Users\MY PC\Web Pr
oject\scholardata\node
_modules\.pnpm\react-r
outer@6.30.1_react@18.
3.1\node_modules\react
-router\dist\umd\react
-router.development.js
:1101:7)

Consider adding an 
error boundary to 
your tree to 
customize error 
handling behavior.
Visit https://reactjs.
org/link/error-boundar
ies to learn more 
about error 
boundaries.

[90mstderr[2m | apps
/web/src/pages/SearchP
age.test.tsx[2m > [2
2m[2mSearchPage[2m 
> [22m[2mrenders 
search 
results[22m[39m
The above error 
occurred in the 
<SearchPage> 
component:

    at SearchPage 
(C:\Users\MY PC\Web Pr
oject\scholardata\apps
\web\src\pages\SearchP
age.tsx:56:65)
    at Router 
(C:\Users\MY PC\Web Pr
oject\scholardata\node
_modules\.pnpm\react-r
outer@6.30.1_react@18.
3.1\node_modules\react
-router\dist\umd\react
-router.development.js
:1207:17)
    at MemoryRouter 
(C:\Users\MY PC\Web Pr
oject\scholardata\node
_modules\.pnpm\react-r
outer@6.30.1_react@18.
3.1\node_modules\react
-router\dist\umd\react
-router.development.js
:1101:7)

Consider adding an 
error boundary to 
your tree to 
customize error 
handling behavior.
Visit https://reactjs.
org/link/error-boundar
ies to learn more 
about error 
boundaries.

[90mstderr[2m | apps
/web/src/pages/SearchP
age.test.tsx[2m > [2
2m[2mSearchPage[2m 
> [22m[2mupdates 
search query on input 
change[22m[39m
The above error 
occurred in the 
<SearchPage> 
component:

    at SearchPage 
(C:\Users\MY PC\Web Pr
oject\scholardata\apps
\web\src\pages\SearchP
age.tsx:56:65)
    at Router 
(C:\Users\MY PC\Web Pr
oject\scholardata\node
_modules\.pnpm\react-r
outer@6.30.1_react@18.
3.1\node_modules\react
-router\dist\umd\react
-router.development.js
:1207:17)
    at MemoryRouter 
(C:\Users\MY PC\Web Pr
oject\scholardata\node
_modules\.pnpm\react-r
outer@6.30.1_react@18.
3.1\node_modules\react
-router\dist\umd\react
-router.development.js
:1101:7)

Consider adding an 
error boundary to 
your tree to 
customize error 
handling behavior.
Visit https://reactjs.
org/link/error-boundar
ies to learn more 
about error 
boundaries.

[90mstderr[2m | apps
/web/src/pages/SearchP
age.test.tsx[2m > [2
2m[2mSearchPage[2m 
> [22m[2mtriggers 
search on form 
submit[22m[39m
The above error 
occurred in the 
<SearchPage> 
component:

    at SearchPage 
(C:\Users\MY PC\Web Pr
oject\scholardata\apps
\web\src\pages\SearchP
age.tsx:56:65)
    at Router 
(C:\Users\MY PC\Web Pr
oject\scholardata\node
_modules\.pnpm\react-r
outer@6.30.1_react@18.
3.1\node_modules\react
-router\dist\umd\react
-router.development.js
:1207:17)
    at MemoryRouter 
(C:\Users\MY PC\Web Pr
oject\scholardata\node
_modules\.pnpm\react-r
outer@6.30.1_react@18.
3.1\node_modules\react
-router\dist\umd\react
-router.development.js
:1101:7)

Consider adding an 
error boundary to 
your tree to 
customize error 
handling behavior.
Visit https://reactjs.
org/link/error-boundar
ies to learn more 
about error 
boundaries.

[90mstderr[2m | apps
/web/src/pages/Institu
tionsPage.test.tsx[2m
 > [22m[2mInstitutio
nsPage[2m > 
[22m[2mrenders 
loading 
state[22m[39m
ΓÜá∩╕Å React Router 
Future Flag Warning: 
React Router will 
begin wrapping state 
updates in `React.star
tTransition` in v7. 
You can use the 
`v7_startTransition` 
future flag to opt-in 
early. For more 
information, see https
://reactrouter.com/v6/
upgrading/future#v7_st
arttransition.
ΓÜá∩╕Å React Router 
Future Flag Warning: 
Relative route 
resolution within 
Splat routes is 
changing in v7. You 
can use the `v7_relati
veSplatPath` future 
flag to opt-in early. 
For more information, 
see https://reactroute
r.com/v6/upgrading/fut
ure#v7_relativesplatpa
th.

 [33mΓ¥»[39m apps/web/src/pages/InstitutionsPage.test.tsx [2m ([22m[2m6 tests[22m [2m|[22m [31m1 failed[39m[2m)[22m[33m 3097[2mms[22m[39m
[31m   [33mΓ¥»[31m apps/web/src/pages/InstitutionsPage.test.tsx[2m > [22mInstitutionsPage[2m > [22mhandles pagination[39m
[31m     ΓåÆ Unable to find an element with the text: Next. This could be because the text is broken up by multiple elements. In this case, you can provide a function for your text matcher to make your matcher more flexible.

Ignored nodes: comments, script, style
[36m<body>[31m
  [36m<div>[31m
    [36m<div[31m
      [33mclass[31m=[32m"min-h-screen py-8"[31m
    [36m>[31m
      [36m<div[31m
        [33mclass[31m=[32m"container mx-auto px-4"[31m
      [36m>[31m
        [36m<div[31m
          [33mclass[31m=[32m"mb-8"[31m
        [36m>[31m
          [36m<h1[31m
            [33mclass[31m=[32m"text-4xl font-bold mb-2"[31m
          [36m>[31m
            [0mInstitutions[0m
          [36m</h1>[31m
          [36m<p[31m
            [33mclass[31m=[32m"text-muted-foreground"[31m
          [36m>[31m
            [0mBrowse and compare [0m
            [0m30[0m
            [0m verified educational institutions across Nigeria[0m
          [36m</p>[31m
        [36m</div>[31m
        [36m<div[31m
          [33mclass[31m=[32m"mb-6"[31m
        [36m>[31m
          [36m<input[31m
            [33mdata-testid[31m=[32m"search-bar"[31m
          [36m/>[31m
        [36m</div>[31m
        [36m<div[31m
          [33mclass[31m=[32m"grid grid-cols-1 lg:grid-cols-4 gap-6"[31m
        [36m>[31m
          [36m<aside[31m
            [33mclass[31m=[32m"hidden lg:block lg:col-span-1"[31m
          [36m>[31m
            [36m<div[31m
              [33mclass[31m=[32m"sticky top-4"[31m
            [36m>[31m
              [36m<div[31m
                [33mdata-testid[31m=[32m"search-filters"[31m
              [36m>[31m
                [0mFilters[0m
              [36m</div>[31m
            [36m</div>[31m
          [36m</aside>[31m
          [36m<div[31m
            [33mclass[31m=[32m"lg:hidden col-span-1"[31m
          [36m>[31m
            [36m<div[31m
              [33mdata-testid[31m=[32m"search-filters"[31m
            [36m>[31m
              [0mFilters[0m
            [36m</div>[31m
          [36m</div>[31m
          [36m<main[31m
            [33mclass[31m=[32m"lg:col-span-3"[31m
          [36m>[31m
            [36m<div[31m
              [33mdata-testid[31m=[32m"active-filters"[31m
            [36m>[31m
              [0mActive Filters[0m
            [36m</div>[31m
            [36m<div[31m
              [33mclass[31m=[32m"mb-6"[31m
            [36m>[31m
              [36m<p[31m
                [33mclass[31m=[32m"text-sm text-muted-foreground"[31m
              [36m>[31m
                [0mShowing [0m
                [0m0[0m
                [0m [0m
                [0mof 30[0m
                [0m institutions[0m
                [0m (Page 1 of 2)[0m
              [36m</p>[31m
            [36m</div>[31m
            [36m<div[31m
              [33mclass[31m=[32m"text-center py-12"[31m
            [36m>[31m
              [36m<p[31m
                [33mclass[31m=[32m"text-lg text-muted-foreground mb-4"[31m
              [36m>[31m
                [0mNo institutions found[0m
              [36m</p>[31m
              [36m<p[31m
                [33mclass[31m=[32m"text-sm text-muted-foreground mb-6"[31m
              [36m>[31m
                [0mTry adjusting your filters or search query[0m
              [36m</p>[31m
            [36m</div>[31m
          [36m</main>[31m
        [36m</div>[31m
      [36m</div>[31m
    [36m</div>[31m
  [36m</div>[31m
[36m</body>[31m[39m

[31mΓÄ»ΓÄ»ΓÄ»ΓÄ»ΓÄ»ΓÄ
»ΓÄ»[1m[7m Failed 
Tests 7 [27m[22mΓÄ»Γ
Ä»ΓÄ»ΓÄ»ΓÄ»ΓÄ»ΓÄ»[39m

[31m[1m[7m FAIL 
[27m[22m[39m apps/w
eb/src/pages/SearchPag
e.test.tsx[2m > 
[22mSearchPage[2m > 
[22mrenders loading 
state
[31m[1m[7m FAIL 
[27m[22m[39m apps/w
eb/src/pages/SearchPag
e.test.tsx[2m > 
[22mSearchPage[2m > 
[22mrenders error 
state
[31m[1m[7m FAIL 
[27m[22m[39m apps/w
eb/src/pages/SearchPag
e.test.tsx[2m > 
[22mSearchPage[2m > 
[22mrenders empty 
state
[31m[1m[7m FAIL 
[27m[22m[39m apps/w
eb/src/pages/SearchPag
e.test.tsx[2m > 
[22mSearchPage[2m > 
[22mrenders search 
results
[31m[1m[7m FAIL 
[27m[22m[39m apps/w
eb/src/pages/SearchPag
e.test.tsx[2m > 
[22mSearchPage[2m > 
[22mupdates search 
query on input change
[31m[1m[7m FAIL 
[27m[22m[39m apps/w
eb/src/pages/SearchPag
e.test.tsx[2m > 
[22mSearchPage[2m > 
[22mtriggers search 
on form submit
[31m[1mError[22m: 
[vitest] No 
"ActiveFilters" 
export is defined on 
the "@/components/orga
nisms/SearchFilters" 
mock. Did you forget 
to return it from 
"vi.mock"?
If you need to 
partially mock a 
module, you can use 
"importOriginal" 
helper inside:
[39m
vi[33m.[39m[34mmock
[39m([32m"@/componen
ts/organisms/SearchFil
ters"[39m[33m,[39m 
[35masync[39m 
(importOriginal) 
[33m=>[39m {
  [35mconst[39m 
actual [33m=[39m 
[35mawait[39m [34mi
mportOriginal[39m()
  [35mreturn[39m {
    [33m...[39mactua
l[33m,[39m
    [90m// your 
mocked methods[39m
  }
})

[36m [2mΓ¥»[22m 
SearchPage apps/web/sr
c/pages/SearchPage.tsx
:[2m223:14[22m[39m
    [90m221| [39m   
       
[33m{[39m[90m/* 
Results 
*/[39m[33m}[39m
    [90m222| [39m   
       [33m<[39m[33
mmain[39m [33mclassN
ame[39m[33m=[39m[3
2m"lg:col-span-3"[39m
[33m>[39m
    [90m223| [39m   
         [33m<[39m[
33mActiveFilters[39m 
[33mclassName[39m[3
3m=[39m[32m"mb-6"[3
9m 
[33m/[39m[33m>[39m
    [90m   | [39m   
          [31m^[39m
    [90m224| [39m   
         [33m{[39m[
33m![39mfilters[33m.
[39msearch 
[33m?[39m (
    [90m225| [39m   
           [33m<[39m
[33mdiv[39m [33mcla
ssName[39m[33m=[39m
[32m"bg-white 
rounded-lg p-12 text-c
enter"[39m[33m>[39m
[90m [2mΓ¥»[22m 
renderWithHooks node_m
odules/.pnpm/react-dom
@18.3.1_react@18.3.1/n
ode_modules/react-dom/
cjs/react-dom.developm
ent.js:[2m15486:18[2
2m[39m
[90m [2mΓ¥»[22m mou
ntIndeterminateCompone
nt node_modules/.pnpm/
react-dom@18.3.1_react
@18.3.1/node_modules/r
eact-dom/cjs/react-dom
.development.js:[2m20
103:13[22m[39m
[90m [2mΓ¥»[22m 
beginWork node_modules
/.pnpm/react-dom@18.3.
1_react@18.3.1/node_mo
dules/react-dom/cjs/re
act-dom.development.js
:[2m21626:16[22m[39
m
[90m [2mΓ¥»[22m HTM
LUnknownElement.callCa
llback node_modules/.p
npm/react-dom@18.3.1_r
eact@18.3.1/node_modul
es/react-dom/cjs/react
-dom.development.js:[
2m4164:14[22m[39m
[90m [2mΓ¥»[22m HTM
LUnknownElement.dispat
chEvent ../../../MY%20
PC/Web%20Project/schol
ardata/node_modules/.p
npm/happy-dom@12.10.3/
node_modules/happy-dom
/lib/event/EventTarget
.js:[2m152:34[22m[3
9m
[90m [2mΓ¥»[22m HTM
LUnknownElement.dispat
chEvent ../../../MY%20
PC/Web%20Project/schol
ardata/node_modules/.p
npm/happy-dom@12.10.3/
node_modules/happy-dom
/lib/nodes/element/Ele
ment.js:[2m807:35[22
m[39m
[90m [2mΓ¥»[22m HTM
LUnknownElement.dispat
chEvent ../../../MY%20
PC/Web%20Project/schol
ardata/node_modules/.p
npm/happy-dom@12.10.3/
node_modules/happy-dom
/lib/event/EventTarget
.js:[2m92:18[22m[39
m

[31m[2mΓÄ»ΓÄ»ΓÄ»ΓÄ»Γ
Ä»ΓÄ»ΓÄ»ΓÄ»ΓÄ»ΓÄ»ΓÄ»ΓÄ
»ΓÄ»ΓÄ»ΓÄ»ΓÄ»ΓÄ»ΓÄ»ΓÄ»
ΓÄ»ΓÄ»ΓÄ»ΓÄ»ΓÄ»[1/7]ΓÄ
»[22m[39m

[31m[1m[7m FAIL 
[27m[22m[39m apps/w
eb/src/pages/Instituti
onsPage.test.tsx[2m 
> [22mInstitutionsPag
e[2m > [22mhandles 
pagination
[31m[1mTestingLibrar
yElementError[22m: 
Unable to find an 
element with the 
text: Next. This 
could be because the 
text is broken up by 
multiple elements. In 
this case, you can 
provide a function 
for your text matcher 
to make your matcher 
more flexible.

Ignored nodes: 
comments, script, 
style
[36m<body>[31m
  [36m<div>[31m
    [36m<div[31m
      [33mclass[31m=
[32m"min-h-screen 
py-8"[31m
    [36m>[31m
      [36m<div[31m
        [33mclass[31
m=[32m"container 
mx-auto px-4"[31m
      [36m>[31m
        [36m<div[31m
          [33mclass[
31m=[32m"mb-8"[31m
        [36m>[31m
          
[36m<h1[31m
            [33mclass
[31m=[32m"text-4xl 
font-bold mb-2"[31m
          [36m>[31m
            
[0mInstitutions[0m
          
[36m</h1>[31m
          [36m<p[31m
            [33mclass
[31m=[32m"text-muted
-foreground"[31m
          [36m>[31m
            
[0mBrowse and 
compare [0m
            [0m30[0m
            [0m 
verified educational 
institutions across 
Nigeria[0m
          
[36m</p>[31m
        
[36m</div>[31m
        [36m<div[31m
          [33mclass[
31m=[32m"mb-6"[31m
        [36m>[31m
          
[36m<input[31m
            [33mdata-
testid[31m=[32m"sear
ch-bar"[31m
          [36m/>[31m
        
[36m</div>[31m
        [36m<div[31m
          [33mclass[
31m=[32m"grid 
grid-cols-1 
lg:grid-cols-4 
gap-6"[31m
        [36m>[31m
          
[36m<aside[31m
            [33mclass
[31m=[32m"hidden 
lg:block 
lg:col-span-1"[31m
          [36m>[31m
            
[36m<div[31m
              [33mcla
ss[31m=[32m"sticky 
top-4"[31m
            
[36m>[31m
              
[36m<div[31m
                [33md
ata-testid[31m=[32m"
search-filters"[31m
              
[36m>[31m
                
[0mFilters[0m
              
[36m</div>[31m
            
[36m</div>[31m
          
[36m</aside>[31m
          
[36m<div[31m
            [33mclass
[31m=[32m"lg:hidden 
col-span-1"[31m
          [36m>[31m
            
[36m<div[31m
              [33mdat
a-testid[31m=[32m"se
arch-filters"[31m
            
[36m>[31m
              
[0mFilters[0m
            
[36m</div>[31m
          
[36m</div>[31m
          
[36m<main[31m
            [33mclass
[31m=[32m"lg:col-spa
n-3"[31m
          [36m>[31m
            
[36m<div[31m
              [33mdat
a-testid[31m=[32m"ac
tive-filters"[31m
            
[36m>[31m
              
[0mActive Filters[0m
            
[36m</div>[31m
            
[36m<div[31m
              [33mcla
ss[31m=[32m"mb-6"[3
1m
            
[36m>[31m
              
[36m<p[31m
                [33mc
lass[31m=[32m"text-s
m text-muted-foregroun
d"[31m
              
[36m>[31m
                
[0mShowing [0m
                
[0m0[0m
                [0m 
[0m
                
[0mof 30[0m
                [0m 
institutions[0m
                [0m 
(Page 1 of 2)[0m
              
[36m</p>[31m
            
[36m</div>[31m
            
[36m<div[31m
              [33mcla
ss[31m=[32m"text-cen
ter py-12"[31m
            
[36m>[31m
              
[36m<p[31m
                [33mc
lass[31m=[32m"text-l
g 
text-muted-foreground 
mb-4"[31m
              
[36m>[31m
                
[0mNo institutions 
found[0m
              
[36m</p>[31m
              
[36m<p[31m
                [33mc
lass[31m=[32m"text-s
m 
text-muted-foreground 
mb-6"[31m
              
[36m>[31m
                
[0mTry adjusting 
your filters or 
search query[0m
              
[36m</p>[31m
            
[36m</div>[31m
          
[36m</main>[31m
        
[36m</div>[31m
      [36m</div>[31m
    [36m</div>[31m
  [36m</div>[31m
[36m</body>[31m[39m
[90m [2mΓ¥»[22m Obj
ect.getElementError no
de_modules/.pnpm/@test
ing-library+dom@9.3.4/
node_modules/@testing-
library/dom/dist/confi
g.js:[2m37:19[22m[3
9m
[90m [2mΓ¥»[22m nod
e_modules/.pnpm/@testi
ng-library+dom@9.3.4/n
ode_modules/@testing-l
ibrary/dom/dist/query-
helpers.js:[2m76:38[
22m[39m
[90m [2mΓ¥»[22m nod
e_modules/.pnpm/@testi
ng-library+dom@9.3.4/n
ode_modules/@testing-l
ibrary/dom/dist/query-
helpers.js:[2m52:17[
22m[39m
[90m [2mΓ¥»[22m nod
e_modules/.pnpm/@testi
ng-library+dom@9.3.4/n
ode_modules/@testing-l
ibrary/dom/dist/query-
helpers.js:[2m95:19[
22m[39m
[36m [2mΓ¥»[22m app
s/web/src/pages/Instit
utionsPage.test.tsx:[
2m163:35[22m[39m
    [90m161| [39m   
     )[33m;[39m
    [90m162| [39m
    [90m163| [39m   
     [35mconst[39m 
nextButton 
[33m=[39m screen[33
m.[39m[34mgetByText
[39m([32m'Next'[39m)
[33m;[39m
    [90m   | [39m   
                      
         [31m^[39m
    [90m164| [39m   
     fireEvent[33m.[
39m[34mclick[39m(nex
tButton)[33m;[39m
    [90m165| [39m

[31m[2mΓÄ»ΓÄ»ΓÄ»ΓÄ»Γ
Ä»ΓÄ»ΓÄ»ΓÄ»ΓÄ»ΓÄ»ΓÄ»ΓÄ
»ΓÄ»ΓÄ»ΓÄ»ΓÄ»ΓÄ»ΓÄ»ΓÄ»
ΓÄ»ΓÄ»ΓÄ»ΓÄ»ΓÄ»[2/7]ΓÄ
»[22m[39m

[2m Test Files [22m [1m[31m2 failed[39m[22m[90m (2)[39m
[2m      Tests [22m [1m[31m7 failed[39m[22m[2m | [22m[1m[32m5 passed[39m[22m[90m (12)[39m
[2m   Start at [22m 19:47:31
[2m   Duration [22m 115.07s


[1m[7m[31m FAIL [39m[27m[22m[31m Tests failed. Watching for file changes...[39m
       [2mpress [22m[1mh[22m[2m to show help[22m[2m, [22m[2mpress [22m[1mq[22m[2m to quit[22m
[3Jc
[7m[1m[34m RERUN [39m[22m[27m[2m apps/web/src/pages/ProgramsPage.test.tsx[22m [34mx1[39m

 [33mΓ¥»[39m apps/web/src/pages/ProgramsPage.test.tsx [2m ([22m[2m6 tests[22m [2m|[22m [31m1 failed[39m[2m)[22m[33m 1658[2mms[22m[39m
[31m   [33mΓ¥»[31m apps/web/src/pages/ProgramsPage.test.tsx[2m > [22mProgramsPage[2m > [22mhandles pagination[39m
[31m     ΓåÆ Unable to find an element with the text: Next. This could be because the text is broken up by multiple elements. In this case, you can provide a function for your text matcher to make your matcher more flexible.

Ignored nodes: comments, script, style
[36m<body>[31m
  [36m<div>[31m
    [36m<div[31m
      [33mclass[31m=[32m"min-h-screen py-8"[31m
    [36m>[31m
      [36m<div[31m
        [33mclass[31m=[32m"container mx-auto px-4"[31m
      [36m>[31m
        [36m<div[31m
          [33mclass[31m=[32m"mb-8"[31m
        [36m>[31m
          [36m<h1[31m
            [33mclass[31m=[32m"text-4xl font-bold mb-2"[31m
          [36m>[31m
            [0mPrograms[0m
          [36m</h1>[31m
          [36m<p[31m
            [33mclass[31m=[32m"text-muted-foreground"[31m
          [36m>[31m
            [0mExplore [0m
            [0m30[0m
            [0m academic programs across Nigerian institutions[0m
          [36m</p>[31m
        [36m</div>[31m
        [36m<div[31m
          [33mclass[31m=[32m"mb-6"[31m
        [36m>[31m
          [36m<input[31m
            [33mdata-testid[31m=[32m"search-bar"[31m
          [36m/>[31m
        [36m</div>[31m
        [36m<div[31m
          [33mclass[31m=[32m"grid grid-cols-1 lg:grid-cols-4 gap-6"[31m
        [36m>[31m
          [36m<aside[31m
            [33mclass[31m=[32m"hidden lg:block lg:col-span-1"[31m
          [36m>[31m
            [36m<div[31m
              [33mclass[31m=[32m"sticky top-4"[31m
            [36m>[31m
              [36m<div[31m
                [33mdata-testid[31m=[32m"search-filters"[31m
              [36m>[31m
                [0mFilters[0m
              [36m</div>[31m
            [36m</div>[31m
          [36m</aside>[31m
          [36m<div[31m
            [33mclass[31m=[32m"lg:hidden col-span-1"[31m
          [36m>[31m
            [36m<div[31m
              [33mdata-testid[31m=[32m"search-filters"[31m
            [36m>[31m
              [0mFilters[0m
            [36m</div>[31m
          [36m</div>[31m
          [36m<main[31m
            [33mclass[31m=[32m"lg:col-span-3"[31m
          [36m>[31m
            [36m<div[31m
              [33mdata-testid[31m=[32m"active-filters"[31m
            [36m>[31m
              [0mActive Filters[0m
            [36m</div>[31m
            [36m<div[31m
              [33mclass[31m=[32m"mb-6"[31m
            [36m>[31m
              [36m<p[31m
                [33mclass[31m=[32m"text-sm text-muted-foreground"[31m
              [36m>[31m
                [0mShowing [0m
                [0m0[0m
                [0m [0m
                [0mof 30[0m
                [0m programs[0m
                [0m (Page 1 of 2)[0m
              [36m</p>[31m
            [36m</div>[31m
            [36m<div[31m
              [33mclass[31m=[32m"text-center py-12"[31m
            [36m>[31m
              [36m<p[31m
                [33mclass[31m=[32m"text-lg text-muted-foreground mb-4"[31m
              [36m>[31m
                [0mNo programs found[0m
              [36m</p>[31m
              [36m<p[31m
                [33mclass[31m=[32m"text-sm text-muted-foreground mb-6"[31m
              [36m>[31m
                [0mTry adjusting your filters or search query[0m
              [36m</p>[31m
            [36m</div>[31m
          [36m</main>[31m
        [36m</div>[31m
      [36m</div>[31m
    [36m</div>[31m
  [36m</div>[31m
[36m</body>[31m[39m
[90mstderr[2m | apps
/web/src/pages/Program
sPage.test.tsx[2m > 
[22m[2mProgramsPage[
2m > [22m[2mrenders 
loading 
state[22m[39m
ΓÜá∩╕Å React Router 
Future Flag Warning: 
React Router will 
begin wrapping state 
updates in `React.star
tTransition` in v7. 
You can use the 
`v7_startTransition` 
future flag to opt-in 
early. For more 
information, see https
://reactrouter.com/v6/
upgrading/future#v7_st
arttransition.
ΓÜá∩╕Å React Router 
Future Flag Warning: 
Relative route 
resolution within 
Splat routes is 
changing in v7. You 
can use the `v7_relati
veSplatPath` future 
flag to opt-in early. 
For more information, 
see https://reactroute
r.com/v6/upgrading/fut
ure#v7_relativesplatpa
th.


[31mΓÄ»ΓÄ»ΓÄ»ΓÄ»ΓÄ»ΓÄ
»ΓÄ»[1m[7m Failed 
Tests 1 [27m[22mΓÄ»Γ
Ä»ΓÄ»ΓÄ»ΓÄ»ΓÄ»ΓÄ»[39m

[31m[1m[7m FAIL 
[27m[22m[39m apps/w
eb/src/pages/ProgramsP
age.test.tsx[2m > 
[22mProgramsPage[2m 
> [22mhandles 
pagination
[31m[1mTestingLibrar
yElementError[22m: 
Unable to find an 
element with the 
text: Next. This 
could be because the 
text is broken up by 
multiple elements. In 
this case, you can 
provide a function 
for your text matcher 
to make your matcher 
more flexible.

Ignored nodes: 
comments, script, 
style
[36m<body>[31m
  [36m<div>[31m
    [36m<div[31m
      [33mclass[31m=
[32m"min-h-screen 
py-8"[31m
    [36m>[31m
      [36m<div[31m
        [33mclass[31
m=[32m"container 
mx-auto px-4"[31m
      [36m>[31m
        [36m<div[31m
          [33mclass[
31m=[32m"mb-8"[31m
        [36m>[31m
          
[36m<h1[31m
            [33mclass
[31m=[32m"text-4xl 
font-bold mb-2"[31m
          [36m>[31m
            
[0mPrograms[0m
          
[36m</h1>[31m
          [36m<p[31m
            [33mclass
[31m=[32m"text-muted
-foreground"[31m
          [36m>[31m
            
[0mExplore [0m
            [0m30[0m
            [0m 
academic programs 
across Nigerian 
institutions[0m
          
[36m</p>[31m
        
[36m</div>[31m
        [36m<div[31m
          [33mclass[
31m=[32m"mb-6"[31m
        [36m>[31m
          
[36m<input[31m
            [33mdata-
testid[31m=[32m"sear
ch-bar"[31m
          [36m/>[31m
        
[36m</div>[31m
        [36m<div[31m
          [33mclass[
31m=[32m"grid 
grid-cols-1 
lg:grid-cols-4 
gap-6"[31m
        [36m>[31m
          
[36m<aside[31m
            [33mclass
[31m=[32m"hidden 
lg:block 
lg:col-span-1"[31m
          [36m>[31m
            
[36m<div[31m
              [33mcla
ss[31m=[32m"sticky 
top-4"[31m
            
[36m>[31m
              
[36m<div[31m
                [33md
ata-testid[31m=[32m"
search-filters"[31m
              
[36m>[31m
                
[0mFilters[0m
              
[36m</div>[31m
            
[36m</div>[31m
          
[36m</aside>[31m
          
[36m<div[31m
            [33mclass
[31m=[32m"lg:hidden 
col-span-1"[31m
          [36m>[31m
            
[36m<div[31m
              [33mdat
a-testid[31m=[32m"se
arch-filters"[31m
            
[36m>[31m
              
[0mFilters[0m
            
[36m</div>[31m
          
[36m</div>[31m
          
[36m<main[31m
            [33mclass
[31m=[32m"lg:col-spa
n-3"[31m
          [36m>[31m
            
[36m<div[31m
              [33mdat
a-testid[31m=[32m"ac
tive-filters"[31m
            
[36m>[31m
              
[0mActive Filters[0m
            
[36m</div>[31m
            
[36m<div[31m
              [33mcla
ss[31m=[32m"mb-6"[3
1m
            
[36m>[31m
              
[36m<p[31m
                [33mc
lass[31m=[32m"text-s
m text-muted-foregroun
d"[31m
              
[36m>[31m
                
[0mShowing [0m
                
[0m0[0m
                [0m 
[0m
                
[0mof 30[0m
                [0m 
programs[0m
                [0m 
(Page 1 of 2)[0m
              
[36m</p>[31m
            
[36m</div>[31m
            
[36m<div[31m
              [33mcla
ss[31m=[32m"text-cen
ter py-12"[31m
            
[36m>[31m
              
[36m<p[31m
                [33mc
lass[31m=[32m"text-l
g 
text-muted-foreground 
mb-4"[31m
              
[36m>[31m
                
[0mNo programs 
found[0m
              
[36m</p>[31m
              
[36m<p[31m
                [33mc
lass[31m=[32m"text-s
m 
text-muted-foreground 
mb-6"[31m
              
[36m>[31m
                
[0mTry adjusting 
your filters or 
search query[0m
              
[36m</p>[31m
            
[36m</div>[31m
          
[36m</main>[31m
        
[36m</div>[31m
      [36m</div>[31m
    [36m</div>[31m
  [36m</div>[31m
[36m</body>[31m[39m
[90m [2mΓ¥»[22m Obj
ect.getElementError no
de_modules/.pnpm/@test
ing-library+dom@9.3.4/
node_modules/@testing-
library/dom/dist/confi
g.js:[2m37:19[22m[3
9m
[90m [2mΓ¥»[22m nod
e_modules/.pnpm/@testi
ng-library+dom@9.3.4/n
ode_modules/@testing-l
ibrary/dom/dist/query-
helpers.js:[2m76:38[
22m[39m
[90m [2mΓ¥»[22m nod
e_modules/.pnpm/@testi
ng-library+dom@9.3.4/n
ode_modules/@testing-l
ibrary/dom/dist/query-
helpers.js:[2m52:17[
22m[39m
[90m [2mΓ¥»[22m nod
e_modules/.pnpm/@testi
ng-library+dom@9.3.4/n
ode_modules/@testing-l
ibrary/dom/dist/query-
helpers.js:[2m95:19[
22m[39m
[36m [2mΓ¥»[22m app
s/web/src/pages/Progra
msPage.test.tsx:[2m16
3:35[22m[39m
    [90m161| [39m   
     )[33m;[39m
    [90m162| [39m
    [90m163| [39m   
     [35mconst[39m 
nextButton 
[33m=[39m screen[33
m.[39m[34mgetByText
[39m([32m'Next'[39m)
[33m;[39m
    [90m   | [39m   
                      
         [31m^[39m
    [90m164| [39m   
     fireEvent[33m.[
39m[34mclick[39m(nex
tButton)[33m;[39m
    [90m165| [39m

[31m[2mΓÄ»ΓÄ»ΓÄ»ΓÄ»Γ
Ä»ΓÄ»ΓÄ»ΓÄ»ΓÄ»ΓÄ»ΓÄ»ΓÄ
»ΓÄ»ΓÄ»ΓÄ»ΓÄ»ΓÄ»ΓÄ»ΓÄ»
ΓÄ»ΓÄ»ΓÄ»ΓÄ»ΓÄ»[1/1]ΓÄ
»[22m[39m

[2m Test Files [22m [1m[31m1 failed[39m[22m[90m (1)[39m
[2m      Tests [22m [1m[31m1 failed[39m[22m[2m | [22m[1m[32m5 passed[39m[22m[90m (6)[39m
[2m   Start at [22m 19:48:47
[2m   Duration [22m 32.64s


[1m[7m[31m FAIL [39m[27m[22m[31m Tests failed. Watching for file changes...[39m
       [2mpress [22m[1mh[22m[2m to show help[22m[2m, [22m[2mpress [22m[1mq[22m[2m to quit[22m
       [34mrerun x1[39m
[2K[1A[2K[G       [90mrerun x1[39m
[2K[1A[2K[G       [2m[90mrerun x1[39m[22m
[2K[1A[2K[G[3Jc
[7m[1m[34m RERUN [39m[22m[27m[2m apps/web/src/pages/ProgramsPage.test.tsx[22m [34mx2[39m

 [33mΓ¥»[39m apps/web/src/pages/ProgramsPage.test.tsx [2m ([22m[2m6 tests[22m [2m|[22m [31m1 failed[39m[2m)[22m[33m 1943[2mms[22m[39m
[31m   [33mΓ¥»[31m apps/web/src/pages/ProgramsPage.test.tsx[2m > [22mProgramsPage[2m > [22mhandles pagination[39m
[31m     ΓåÆ Unable to find an element with the text: Next. This could be because the text is broken up by multiple elements. In this case, you can provide a function for your text matcher to make your matcher more flexible.

Ignored nodes: comments, script, style
[36m<body>[31m
  [36m<div>[31m
    [36m<div[31m
      [33mclass[31m=[32m"min-h-screen py-8"[31m
    [36m>[31m
      [36m<div[31m
        [33mclass[31m=[32m"container mx-auto px-4"[31m
      [36m>[31m
        [36m<div[31m
          [33mclass[31m=[32m"mb-8"[31m
        [36m>[31m
          [36m<h1[31m
            [33mclass[31m=[32m"text-4xl font-bold mb-2"[31m
          [36m>[31m
            [0mPrograms[0m
          [36m</h1>[31m
          [36m<p[31m
            [33mclass[31m=[32m"text-muted-foreground"[31m
          [36m>[31m
            [0mExplore [0m
            [0m30[0m
            [0m academic programs across Nigerian institutions[0m
          [36m</p>[31m
        [36m</div>[31m
        [36m<div[31m
          [33mclass[31m=[32m"mb-6"[31m
        [36m>[31m
          [36m<input[31m
            [33mdata-testid[31m=[32m"search-bar"[31m
          [36m/>[31m
        [36m</div>[31m
        [36m<div[31m
          [33mclass[31m=[32m"grid grid-cols-1 lg:grid-cols-4 gap-6"[31m
        [36m>[31m
          [36m<aside[31m
            [33mclass[31m=[32m"hidden lg:block lg:col-span-1"[31m
          [36m>[31m
            [36m<div[31m
              [33mclass[31m=[32m"sticky top-4"[31m
            [36m>[31m
              [36m<div[31m
                [33mdata-testid[31m=[32m"search-filters"[31m
              [36m>[31m
                [0mFilters[0m
              [36m</div>[31m
            [36m</div>[31m
          [36m</aside>[31m
          [36m<div[31m
            [33mclass[31m=[32m"lg:hidden col-span-1"[31m
          [36m>[31m
            [36m<div[31m
              [33mdata-testid[31m=[32m"search-filters"[31m
            [36m>[31m
              [0mFilters[0m
            [36m</div>[31m
          [36m</div>[31m
          [36m<main[31m
            [33mclass[31m=[32m"lg:col-span-3"[31m
          [36m>[31m
            [36m<div[31m
              [33mdata-testid[31m=[32m"active-filters"[31m
            [36m>[31m
              [0mActive Filters[0m
            [36m</div>[31m
            [36m<div[31m
              [33mclass[31m=[32m"mb-6"[31m
            [36m>[31m
              [36m<p[31m
                [33mclass[31m=[32m"text-sm text-muted-foreground"[31m
              [36m>[31m
                [0mShowing [0m
                [0m0[0m
                [0m [0m
                [0mof 30[0m
                [0m programs[0m
                [0m (Page 1 of 2)[0m
              [36m</p>[31m
            [36m</div>[31m
            [36m<div[31m
              [33mclass[31m=[32m"text-center py-12"[31m
            [36m>[31m
              [36m<p[31m
                [33mclass[31m=[32m"text-lg text-muted-foreground mb-4"[31m
              [36m>[31m
                [0mNo programs found[0m
              [36m</p>[31m
              [36m<p[31m
                [33mclass[31m=[32m"text-sm text-muted-foreground mb-6"[31m
              [36m>[31m
                [0mTry adjusting your filters or search query[0m
              [36m</p>[31m
            [36m</div>[31m
          [36m</main>[31m
        [36m</div>[31m
      [36m</div>[31m
    [36m</div>[31m
  [36m</div>[31m
[36m</body>[31m[39m

[90mstderr[2m | apps
/web/src/pages/Program
sPage.test.tsx[2m > 
[22m[2mProgramsPage[
2m > [22m[2mrenders 
loading 
state[22m[39m
ΓÜá∩╕Å React Router 
Future Flag Warning: 
React Router will 
begin wrapping state 
updates in `React.star
tTransition` in v7. 
You can use the 
`v7_startTransition` 
future flag to opt-in 
early. For more 
information, see https
://reactrouter.com/v6/
upgrading/future#v7_st
arttransition.
ΓÜá∩╕Å React Router 
Future Flag Warning: 
Relative route 
resolution within 
Splat routes is 
changing in v7. You 
can use the `v7_relati
veSplatPath` future 
flag to opt-in early. 
For more information, 
see https://reactroute
r.com/v6/upgrading/fut
ure#v7_relativesplatpa
th.

[31mΓÄ»ΓÄ»ΓÄ»ΓÄ»ΓÄ»ΓÄ
»ΓÄ»[1m[7m Failed 
Tests 1 [27m[22mΓÄ»Γ
Ä»ΓÄ»ΓÄ»ΓÄ»ΓÄ»ΓÄ»[39m

[31m[1m[7m FAIL 
[27m[22m[39m apps/w
eb/src/pages/ProgramsP
age.test.tsx[2m > 
[22mProgramsPage[2m 
> [22mhandles 
pagination
[31m[1mTestingLibrar
yElementError[22m: 
Unable to find an 
element with the 
text: Next. This 
could be because the 
text is broken up by 
multiple elements. In 
this case, you can 
provide a function 
for your text matcher 
to make your matcher 
more flexible.

Ignored nodes: 
comments, script, 
style
[36m<body>[31m
  [36m<div>[31m
    [36m<div[31m
      [33mclass[31m=
[32m"min-h-screen 
py-8"[31m
    [36m>[31m
      [36m<div[31m
        [33mclass[31
m=[32m"container 
mx-auto px-4"[31m
      [36m>[31m
        [36m<div[31m
          [33mclass[
31m=[32m"mb-8"[31m
        [36m>[31m
          
[36m<h1[31m
            [33mclass
[31m=[32m"text-4xl 
font-bold mb-2"[31m
          [36m>[31m
            
[0mPrograms[0m
          
[36m</h1>[31m
          [36m<p[31m
            [33mclass
[31m=[32m"text-muted
-foreground"[31m
          [36m>[31m
            
[0mExplore [0m
            [0m30[0m
            [0m 
academic programs 
across Nigerian 
institutions[0m
          
[36m</p>[31m
        
[36m</div>[31m
        [36m<div[31m
          [33mclass[
31m=[32m"mb-6"[31m
        [36m>[31m
          
[36m<input[31m
            [33mdata-
testid[31m=[32m"sear
ch-bar"[31m
          [36m/>[31m
        
[36m</div>[31m
        [36m<div[31m
          [33mclass[
31m=[32m"grid 
grid-cols-1 
lg:grid-cols-4 
gap-6"[31m
        [36m>[31m
          
[36m<aside[31m
            [33mclass
[31m=[32m"hidden 
lg:block 
lg:col-span-1"[31m
          [36m>[31m
            
[36m<div[31m
              [33mcla
ss[31m=[32m"sticky 
top-4"[31m
            
[36m>[31m
              
[36m<div[31m
                [33md
ata-testid[31m=[32m"
search-filters"[31m
              
[36m>[31m
                
[0mFilters[0m
              
[36m</div>[31m
            
[36m</div>[31m
          
[36m</aside>[31m
          
[36m<div[31m
            [33mclass
[31m=[32m"lg:hidden 
col-span-1"[31m
          [36m>[31m
            
[36m<div[31m
              [33mdat
a-testid[31m=[32m"se
arch-filters"[31m
            
[36m>[31m
              
[0mFilters[0m
            
[36m</div>[31m
          
[36m</div>[31m
          
[36m<main[31m
            [33mclass
[31m=[32m"lg:col-spa
n-3"[31m
          [36m>[31m
            
[36m<div[31m
              [33mdat
a-testid[31m=[32m"ac
tive-filters"[31m
            
[36m>[31m
              
[0mActive Filters[0m
            
[36m</div>[31m
            
[36m<div[31m
              [33mcla
ss[31m=[32m"mb-6"[3
1m
            
[36m>[31m
              
[36m<p[31m
                [33mc
lass[31m=[32m"text-s
m text-muted-foregroun
d"[31m
              
[36m>[31m
                
[0mShowing [0m
                
[0m0[0m
                [0m 
[0m
                
[0mof 30[0m
                [0m 
programs[0m
                [0m 
(Page 1 of 2)[0m
              
[36m</p>[31m
            
[36m</div>[31m
            
[36m<div[31m
              [33mcla
ss[31m=[32m"text-cen
ter py-12"[31m
            
[36m>[31m
              
[36m<p[31m
                [33mc
lass[31m=[32m"text-l
g 
text-muted-foreground 
mb-4"[31m
              
[36m>[31m
                
[0mNo programs 
found[0m
              
[36m</p>[31m
              
[36m<p[31m
                [33mc
lass[31m=[32m"text-s
m 
text-muted-foreground 
mb-6"[31m
              
[36m>[31m
                
[0mTry adjusting 
your filters or 
search query[0m
              
[36m</p>[31m
            
[36m</div>[31m
          
[36m</main>[31m
        
[36m</div>[31m
      [36m</div>[31m
    [36m</div>[31m
  [36m</div>[31m
[36m</body>[31m[39m
[90m [2mΓ¥»[22m Obj
ect.getElementError no
de_modules/.pnpm/@test
ing-library+dom@9.3.4/
node_modules/@testing-
library/dom/dist/confi
g.js:[2m37:19[22m[3
9m
[90m [2mΓ¥»[22m nod
e_modules/.pnpm/@testi
ng-library+dom@9.3.4/n
ode_modules/@testing-l
ibrary/dom/dist/query-
helpers.js:[2m76:38[
22m[39m
[90m [2mΓ¥»[22m nod
e_modules/.pnpm/@testi
ng-library+dom@9.3.4/n
ode_modules/@testing-l
ibrary/dom/dist/query-
helpers.js:[2m52:17[
22m[39m
[90m [2mΓ¥»[22m nod
e_modules/.pnpm/@testi
ng-library+dom@9.3.4/n
ode_modules/@testing-l
ibrary/dom/dist/query-
helpers.js:[2m95:19[
22m[39m
[36m [2mΓ¥»[22m app
s/web/src/pages/Progra
msPage.test.tsx:[2m16
3:35[22m[39m
    [90m161| [39m   
     )[33m;[39m
    [90m162| [39m
    [90m163| [39m   
     [35mconst[39m 
nextButton 
[33m=[39m screen[33
m.[39m[34mgetByText
[39m([32m'Next'[39m)
[33m;[39m
    [90m   | [39m   
                      
         [31m^[39m
    [90m164| [39m   
     fireEvent[33m.[
39m[34mclick[39m(nex
tButton)[33m;[39m
    [90m165| [39m

[31m[2mΓÄ»ΓÄ»ΓÄ»ΓÄ»Γ
Ä»ΓÄ»ΓÄ»ΓÄ»ΓÄ»ΓÄ»ΓÄ»ΓÄ
»ΓÄ»ΓÄ»ΓÄ»ΓÄ»ΓÄ»ΓÄ»ΓÄ»
ΓÄ»ΓÄ»ΓÄ»ΓÄ»ΓÄ»[1/1]ΓÄ
»[22m[39m

[2m Test Files [22m [1m[31m1 failed[39m[22m[90m (1)[39m
[2m      Tests [22m [1m[31m1 failed[39m[22m[2m | [22m[1m[32m5 passed[39m[22m[90m (6)[39m
[2m   Start at [22m 19:53:50
[2m   Duration [22m 20.88s


[1m[7m[31m FAIL [39m[27m[22m[31m Tests failed. Watching for file changes...[39m
       [2mpress [22m[1mh[22m[2m to show help[22m[2m, [22m[2mpress [22m[1mq[22m[2m to quit[22m
       [34mrerun x2[39m
[2K[1A[2K[G       [90mrerun x2[39m
[2K[1A[2K[G       [2m[90mrerun x2[39m[22m
[2K[1A[2K[G[3Jc
[7m[1m[34m RERUN [39m[22m[27m[2m apps/web/src/pages/ProgramsPage.test.tsx[22m [34mx3[39m

 [33mΓ¥»[39m apps/web/src/pages/ProgramsPage.test.tsx [2m ([22m[2m0 test[22m[2m)[22m

[31mΓÄ»ΓÄ»ΓÄ»ΓÄ»ΓÄ»ΓÄ
»[1m[7m Failed 
Suites 1 [27m[22mΓÄ»
ΓÄ»ΓÄ»ΓÄ»ΓÄ»ΓÄ»ΓÄ»[39
m

[31m[1m[7m FAIL 
[27m[22m[39m apps/w
eb/src/pages/ProgramsP
age.test.tsx [2m[ app
s/web/src/pages/Progra
msPage.test.tsx ][22m
[31m[1mError[22m: 
Transform failed with 
1 error:
C:/Users/MY PC/Web Pro
ject/scholardata/apps/
web/src/pages/Programs
Page.test.tsx:170:0: 
ERROR: Unexpected 
"}"[39m
[90m [2mΓ¥»[22m 
failureErrorWithLog no
de_modules/.pnpm/esbui
ld@0.27.0/node_modules
/esbuild/lib/main.js:
[2m1467:15[22m[39m
[90m [2mΓ¥»[22m nod
e_modules/.pnpm/esbuil
d@0.27.0/node_modules/
esbuild/lib/main.js:[
2m736:50[22m[39m
[90m [2mΓ¥»[22m res
ponseCallbacks.<comput
ed> node_modules/.pnpm
/esbuild@0.27.0/node_m
odules/esbuild/lib/mai
n.js:[2m603:9[22m[3
9m
[90m [2mΓ¥»[22m 
handleIncomingPacket n
ode_modules/.pnpm/esbu
ild@0.27.0/node_module
s/esbuild/lib/main.js:
[2m658:12[22m[39m
[90m [2mΓ¥»[22m 
Socket.readFromStdout 
node_modules/.pnpm/esb
uild@0.27.0/node_modul
es/esbuild/lib/main.js
:[2m581:7[22m[39m
[90m [2mΓ¥»[22m 
Socket.emit node:event
s:[2m518:28[22m[39m

[31m[2mΓÄ»ΓÄ»ΓÄ»ΓÄ»Γ
Ä»ΓÄ»ΓÄ»ΓÄ»ΓÄ»ΓÄ»ΓÄ»ΓÄ
»ΓÄ»ΓÄ»ΓÄ»ΓÄ»ΓÄ»ΓÄ»ΓÄ»
ΓÄ»ΓÄ»ΓÄ»ΓÄ»ΓÄ»[1/1]ΓÄ
»[22m[39m

[2m Test Files [22m [1m[31m1 failed[39m[22m[90m (1)[39m
[2m      Tests [22m [2mno tests[22m
[2m   Start at [22m 19:55:48
[2m   Duration [22m 10.13s


[1m[7m[31m FAIL [39m[27m[22m[31m Tests failed. Watching for file changes...[39m
       [2mpress [22m[1mh[22m[2m to show help[22m[2m, [22m[2mpress [22m[1mq[22m[2m to quit[22m
       [34mrerun x3[39m
[2K[1A[2K[G       [90mrerun x3[39m
[2K[1A[2K[G       [2m[90mrerun x3[39m[22m
[2K[1A[2K[G[3Jc
[7m[1m[34m RERUN [39m[22m[27m[2m apps/web/src/pages/ProgramsPage.test.tsx[22m [34mx4[39m

 [33mΓ¥»[39m apps/web/src/pages/ProgramsPage.test.tsx [2m ([22m[2m6 tests[22m [2m|[22m [31m1 failed[39m[2m)[22m[33m 3688[2mms[22m[39m
[31m   [33mΓ¥»[31m apps/web/src/pages/ProgramsPage.test.tsx[2m > [22mProgramsPage[2m > [22mhandles pagination[39m
[31m     ΓåÆ Unable to find an accessible element with the role "button" and name `/next/i`

Here are the accessible roles:

  heading:

  Name "Programs":
  [36m<h1[31m
    [33mclass[31m=[32m"text-4xl font-bold mb-2"[31m
  [36m/>[31m

  --------------------------------------------------
  textbox:

  Name "":
  [36m<input[31m
    [33mdata-testid[31m=[32m"search-bar"[31m
  [36m/>[31m

  --------------------------------------------------
  complementary:

  Name "":
  [36m<aside[31m
    [33mclass[31m=[32m"hidden lg:block lg:col-span-1"[31m
  [36m/>[31m

  --------------------------------------------------
  main:

  Name "":
  [36m<main[31m
    [33mclass[31m=[32m"lg:col-span-3"[31m
  [36m/>[31m

  --------------------------------------------------

Ignored nodes: comments, script, style
[36m<body>[31m
  [36m<div>[31m
    [36m<div[31m
      [33mclass[31m=[32m"min-h-screen py-8"[31m
    [36m>[31m
      [36m<div[31m
        [33mclass[31m=[32m"container mx-auto px-4"[31m
      [36m>[31m
        [36m<div[31m
          [33mclass[31m=[32m"mb-8"[31m
        [36m>[31m
          [36m<h1[31m
            [33mclass[31m=[32m"text-4xl font-bold mb-2"[31m
          [36m>[31m
            [0mPrograms[0m
          [36m</h1>[31m
          [36m<p[31m
            [33mclass[31m=[32m"text-muted-foreground"[31m
          [36m>[31m
            [0mExplore [0m
            [0m30[0m
            [0m academic programs across Nigerian institutions[0m
          [36m</p>[31m
        [36m</div>[31m
        [36m<div[31m
          [33mclass[31m=[32m"mb-6"[31m
        [36m>[31m
          [36m<input[31m
            [33mdata-testid[31m=[32m"search-bar"[31m
          [36m/>[31m
        [36m</div>[31m
        [36m<div[31m
          [33mclass[31m=[32m"grid grid-cols-1 lg:grid-cols-4 gap-6"[31m
        [36m>[31m
          [36m<aside[31m
            [33mclass[31m=[32m"hidden lg:block lg:col-span-1"[31m
          [36m>[31m
            [36m<div[31m
              [33mclass[31m=[32m"sticky top-4"[31m
            [36m>[31m
              [36m<div[31m
                [33mdata-testid[31m=[32m"search-filters"[31m
              [36m>[31m
                [0mFilters[0m
              [36m</div>[31m
            [36m</div>[31m
          [36m</aside>[31m
          [36m<div[31m
            [33mclass[31m=[32m"lg:hidden col-span-1"[31m
          [36m>[31m
            [36m<div[31m
              [33mdata-testid[31m=[32m"search-filters"[31m
            [36m>[31m
              [0mFilters[0m
            [36m</div>[31m
          [36m</div>[31m
          [36m<main[31m
            [33mclass[31m=[32m"lg:col-span-3"[31m
          [36m>[31m
            [36m<div[31m
              [33mdata-testid[31m=[32m"active-filters"[31m
            [36m>[31m
              [0mActive Filters[0m
            [36m</div>[31m
            [36m<div[31m
              [33mclass[31m=[32m"mb-6"[31m
            [36m>[31m
              [36m<p[31m
                [33mclass[31m=[32m"text-sm text-muted-foreground"[31m
              [36m>[31m
                [0mShowing [0m
                [0m0[0m
                [0m [0m
                [0mof 30[0m
                [0m programs[0m
                [0m (Page 1 of 2)[0m
              [36m</p>[31m
            [36m</div>[31m
            [36m<div[31m
              [33mclass[31m=[32m"text-center py-12"[31m
            [36m>[31m
              [36m<p[31m
                [33mclass[31m=[32m"text-lg text-muted-foreground mb-4"[31m
              [36m>[31m
                [0mNo programs found[0m
              [36m</p>[31m
              [36m<p[31m
                [33mclass[31m=[32m"text-sm text-muted-foreground mb-6"[31m
              [36m>[31m
                [0mTry adjusting your filters or search query[0m
              [36m</p>[31m
            [36m</div>[31m
          [36m</main>[31m
        [36m</div>[31m
      [36m</div>[31m
    [36m</div>[31m
  [36m</div>[31m
[36m</body>[31m[39m
[90mstderr[2m | apps
/web/src/pages/Program
sPage.test.tsx[2m > 
[22m[2mProgramsPage[
2m > [22m[2mrenders 
loading 
state[22m[39m
ΓÜá∩╕Å React Router 
Future Flag Warning: 
React Router will 
begin wrapping state 
updates in `React.star
tTransition` in v7. 
You can use the 
`v7_startTransition` 
future flag to opt-in 
early. For more 
information, see https
://reactrouter.com/v6/
upgrading/future#v7_st
arttransition.
ΓÜá∩╕Å React Router 
Future Flag Warning: 
Relative route 
resolution within 
Splat routes is 
changing in v7. You 
can use the `v7_relati
veSplatPath` future 
flag to opt-in early. 
For more information, 
see https://reactroute
r.com/v6/upgrading/fut
ure#v7_relativesplatpa
th.


[31mΓÄ»ΓÄ»ΓÄ»ΓÄ»ΓÄ»ΓÄ
»ΓÄ»[1m[7m Failed 
Tests 1 [27m[22mΓÄ»Γ
Ä»ΓÄ»ΓÄ»ΓÄ»ΓÄ»ΓÄ»[39m

[31m[1m[7m FAIL 
[27m[22m[39m apps/w
eb/src/pages/ProgramsP
age.test.tsx[2m > 
[22mProgramsPage[2m 
> [22mhandles 
pagination
[31m[1mTestingLibrar
yElementError[22m: 
Unable to find an 
accessible element 
with the role 
"button" and name 
`/next/i`

Here are the 
accessible roles:

  heading:

  Name "Programs":
  [36m<h1[31m
    [33mclass[31m=[
32m"text-4xl 
font-bold mb-2"[31m
  [36m/>[31m

  --------------------
----------------------
--------
  textbox:

  Name "":
  [36m<input[31m
    [33mdata-testid[
31m=[32m"search-bar"
[31m
  [36m/>[31m

  --------------------
----------------------
--------
  complementary:

  Name "":
  [36m<aside[31m
    [33mclass[31m=[
32m"hidden lg:block 
lg:col-span-1"[31m
  [36m/>[31m

  --------------------
----------------------
--------
  main:

  Name "":
  [36m<main[31m
    [33mclass[31m=[
32m"lg:col-span-3"[31
m
  [36m/>[31m

  --------------------
----------------------
--------

Ignored nodes: 
comments, script, 
style
[36m<body>[31m
  [36m<div>[31m
    [36m<div[31m
      [33mclass[31m=
[32m"min-h-screen 
py-8"[31m
    [36m>[31m
      [36m<div[31m
        [33mclass[31
m=[32m"container 
mx-auto px-4"[31m
      [36m>[31m
        [36m<div[31m
          [33mclass[
31m=[32m"mb-8"[31m
        [36m>[31m
          
[36m<h1[31m
            [33mclass
[31m=[32m"text-4xl 
font-bold mb-2"[31m
          [36m>[31m
            
[0mPrograms[0m
          
[36m</h1>[31m
          [36m<p[31m
            [33mclass
[31m=[32m"text-muted
-foreground"[31m
          [36m>[31m
            
[0mExplore [0m
            [0m30[0m
            [0m 
academic programs 
across Nigerian 
institutions[0m
          
[36m</p>[31m
        
[36m</div>[31m
        [36m<div[31m
          [33mclass[
31m=[32m"mb-6"[31m
        [36m>[31m
          
[36m<input[31m
            [33mdata-
testid[31m=[32m"sear
ch-bar"[31m
          [36m/>[31m
        
[36m</div>[31m
        [36m<div[31m
          [33mclass[
31m=[32m"grid 
grid-cols-1 
lg:grid-cols-4 
gap-6"[31m
        [36m>[31m
          
[36m<aside[31m
            [33mclass
[31m=[32m"hidden 
lg:block 
lg:col-span-1"[31m
          [36m>[31m
            
[36m<div[31m
              [33mcla
ss[31m=[32m"sticky 
top-4"[31m
            
[36m>[31m
              
[36m<div[31m
                [33md
ata-testid[31m=[32m"
search-filters"[31m
              
[36m>[31m
                
[0mFilters[0m
              
[36m</div>[31m
            
[36m</div>[31m
          
[36m</aside>[31m
          
[36m<div[31m
            [33mclass
[31m=[32m"lg:hidden 
col-span-1"[31m
          [36m>[31m
            
[36m<div[31m
              [33mdat
a-testid[31m=[32m"se
arch-filters"[31m
            
[36m>[31m
              
[0mFilters[0m
            
[36m</div>[31m
          
[36m</div>[31m
          
[36m<main[31m
            [33mclass
[31m=[32m"lg:col-spa
n-3"[31m
          [36m>[31m
            
[36m<div[31m
              [33mdat
a-testid[31m=[32m"ac
tive-filters"[31m
            
[36m>[31m
              
[0mActive Filters[0m
            
[36m</div>[31m
            
[36m<div[31m
              [33mcla
ss[31m=[32m"mb-6"[3
1m
            
[36m>[31m
              
[36m<p[31m
                [33mc
lass[31m=[32m"text-s
m text-muted-foregroun
d"[31m
              
[36m>[31m
                
[0mShowing [0m
                
[0m0[0m
                [0m 
[0m
                
[0mof 30[0m
                [0m 
programs[0m
                [0m 
(Page 1 of 2)[0m
              
[36m</p>[31m
            
[36m</div>[31m
            
[36m<div[31m
              [33mcla
ss[31m=[32m"text-cen
ter py-12"[31m
            
[36m>[31m
              
[36m<p[31m
                [33mc
lass[31m=[32m"text-l
g 
text-muted-foreground 
mb-4"[31m
              
[36m>[31m
                
[0mNo programs 
found[0m
              
[36m</p>[31m
              
[36m<p[31m
                [33mc
lass[31m=[32m"text-s
m 
text-muted-foreground 
mb-6"[31m
              
[36m>[31m
                
[0mTry adjusting 
your filters or 
search query[0m
              
[36m</p>[31m
            
[36m</div>[31m
          
[36m</main>[31m
        
[36m</div>[31m
      [36m</div>[31m
    [36m</div>[31m
  [36m</div>[31m
[36m</body>[31m[39m
[90m [2mΓ¥»[22m Obj
ect.getElementError no
de_modules/.pnpm/@test
ing-library+dom@9.3.4/
node_modules/@testing-
library/dom/dist/confi
g.js:[2m37:19[22m[3
9m
[90m [2mΓ¥»[22m nod
e_modules/.pnpm/@testi
ng-library+dom@9.3.4/n
ode_modules/@testing-l
ibrary/dom/dist/query-
helpers.js:[2m76:38[
22m[39m
[90m [2mΓ¥»[22m nod
e_modules/.pnpm/@testi
ng-library+dom@9.3.4/n
ode_modules/@testing-l
ibrary/dom/dist/query-
helpers.js:[2m52:17[
22m[39m
[90m [2mΓ¥»[22m nod
e_modules/.pnpm/@testi
ng-library+dom@9.3.4/n
ode_modules/@testing-l
ibrary/dom/dist/query-
helpers.js:[2m95:19[
22m[39m
[36m [2mΓ¥»[22m app
s/web/src/pages/Progra
msPage.test.tsx:[2m16
3:35[22m[39m
    [90m161| [39m   
     )[33m;[39m
    [90m162| [39m
    [90m163| [39m   
     [35mconst[39m 
nextButton 
[33m=[39m screen[33
m.[39m[34mgetByRole
[39m([32m'button'[39
m[33m,[39m { 
name[33m:[39m 
[36m/next/i[39m ΓÇª
    [90m   | [39m   
                      
         [31m^[39m
    [90m164| [39m   
     [34mexpect[39m(
nextButton)[33m.[39m
not[33m.[39m[34mtoB
eDisabled[39m()[33m;
[39m
    [90m165| [39m   
     fireEvent[33m.[
39m[34mclick[39m(nex
tButton)[33m;[39m

[31m[2mΓÄ»ΓÄ»ΓÄ»ΓÄ»Γ
Ä»ΓÄ»ΓÄ»ΓÄ»ΓÄ»ΓÄ»ΓÄ»ΓÄ
»ΓÄ»ΓÄ»ΓÄ»ΓÄ»ΓÄ»ΓÄ»ΓÄ»
ΓÄ»ΓÄ»ΓÄ»ΓÄ»ΓÄ»[1/1]ΓÄ
»[22m[39m

[2m Test Files [22m [1m[31m1 failed[39m[22m[90m (1)[39m
[2m      Tests [22m [1m[31m1 failed[39m[22m[2m | [22m[1m[32m5 passed[39m[22m[90m (6)[39m
[2m   Start at [22m 19:56:21
[2m   Duration [22m 29.88s


[1m[7m[31m FAIL [39m[27m[22m[31m Tests failed. Watching for file changes...[39m
       [2mpress [22m[1mh[22m[2m to show help[22m[2m, [22m[2mpress [22m[1mq[22m[2m to quit[22m
       [34mrerun x4[39m
[2K[1A[2K[G       [90mrerun x4[39m
[2K[1A[2K[G       [2m[90mrerun x4[39m[22m
[2K[1A[2K[G
^C
